Archive member included to satisfy reference by file (symbol)

D:/ST/STM32CubeIDE/plugins/com.st.stm32cube.ide.mcu.externaltools.gnu-tools-for-stm32.13.3.rel1.win32_1.0.0.202411081344/tools/bin/../lib/gcc/arm-none-eabi/13.3.1/../../../../arm-none-eabi/lib/thumb/v7e-m+dp/hard\libc_nano.a(libc_a-exit.o)
                              D:/ST/STM32CubeIDE/plugins/com.st.stm32cube.ide.mcu.externaltools.gnu-tools-for-stm32.13.3.rel1.win32_1.0.0.202411081344/tools/bin/../lib/gcc/arm-none-eabi/13.3.1/../../../../arm-none-eabi/lib/thumb/v7e-m+dp/hard/crt0.o (exit)
D:/ST/STM32CubeIDE/plugins/com.st.stm32cube.ide.mcu.externaltools.gnu-tools-for-stm32.13.3.rel1.win32_1.0.0.202411081344/tools/bin/../lib/gcc/arm-none-eabi/13.3.1/../../../../arm-none-eabi/lib/thumb/v7e-m+dp/hard\libc_nano.a(libc_a-findfp.o)
                              D:/ST/STM32CubeIDE/plugins/com.st.stm32cube.ide.mcu.externaltools.gnu-tools-for-stm32.13.3.rel1.win32_1.0.0.202411081344/tools/bin/../lib/gcc/arm-none-eabi/13.3.1/../../../../arm-none-eabi/lib/thumb/v7e-m+dp/hard\libc_nano.a(libc_a-exit.o) (__stdio_exit_handler)
D:/ST/STM32CubeIDE/plugins/com.st.stm32cube.ide.mcu.externaltools.gnu-tools-for-stm32.13.3.rel1.win32_1.0.0.202411081344/tools/bin/../lib/gcc/arm-none-eabi/13.3.1/../../../../arm-none-eabi/lib/thumb/v7e-m+dp/hard\libc_nano.a(libc_a-fwalk.o)
                              D:/ST/STM32CubeIDE/plugins/com.st.stm32cube.ide.mcu.externaltools.gnu-tools-for-stm32.13.3.rel1.win32_1.0.0.202411081344/tools/bin/../lib/gcc/arm-none-eabi/13.3.1/../../../../arm-none-eabi/lib/thumb/v7e-m+dp/hard\libc_nano.a(libc_a-findfp.o) (_fwalk_sglue)
D:/ST/STM32CubeIDE/plugins/com.st.stm32cube.ide.mcu.externaltools.gnu-tools-for-stm32.13.3.rel1.win32_1.0.0.202411081344/tools/bin/../lib/gcc/arm-none-eabi/13.3.1/../../../../arm-none-eabi/lib/thumb/v7e-m+dp/hard\libc_nano.a(libc_a-printf.o)
                              ./Core/Src/main.o (printf)
D:/ST/STM32CubeIDE/plugins/com.st.stm32cube.ide.mcu.externaltools.gnu-tools-for-stm32.13.3.rel1.win32_1.0.0.202411081344/tools/bin/../lib/gcc/arm-none-eabi/13.3.1/../../../../arm-none-eabi/lib/thumb/v7e-m+dp/hard\libc_nano.a(libc_a-puts.o)
                              ./Core/Src/main.o (puts)
D:/ST/STM32CubeIDE/plugins/com.st.stm32cube.ide.mcu.externaltools.gnu-tools-for-stm32.13.3.rel1.win32_1.0.0.202411081344/tools/bin/../lib/gcc/arm-none-eabi/13.3.1/../../../../arm-none-eabi/lib/thumb/v7e-m+dp/hard\libc_nano.a(libc_a-setvbuf.o)
                              ./Core/Src/debug.o (setvbuf)
D:/ST/STM32CubeIDE/plugins/com.st.stm32cube.ide.mcu.externaltools.gnu-tools-for-stm32.13.3.rel1.win32_1.0.0.202411081344/tools/bin/../lib/gcc/arm-none-eabi/13.3.1/../../../../arm-none-eabi/lib/thumb/v7e-m+dp/hard\libc_nano.a(libc_a-stdio.o)
                              D:/ST/STM32CubeIDE/plugins/com.st.stm32cube.ide.mcu.externaltools.gnu-tools-for-stm32.13.3.rel1.win32_1.0.0.202411081344/tools/bin/../lib/gcc/arm-none-eabi/13.3.1/../../../../arm-none-eabi/lib/thumb/v7e-m+dp/hard\libc_nano.a(libc_a-findfp.o) (__sread)
D:/ST/STM32CubeIDE/plugins/com.st.stm32cube.ide.mcu.externaltools.gnu-tools-for-stm32.13.3.rel1.win32_1.0.0.202411081344/tools/bin/../lib/gcc/arm-none-eabi/13.3.1/../../../../arm-none-eabi/lib/thumb/v7e-m+dp/hard\libc_nano.a(libc_a-wbuf.o)
                              D:/ST/STM32CubeIDE/plugins/com.st.stm32cube.ide.mcu.externaltools.gnu-tools-for-stm32.13.3.rel1.win32_1.0.0.202411081344/tools/bin/../lib/gcc/arm-none-eabi/13.3.1/../../../../arm-none-eabi/lib/thumb/v7e-m+dp/hard\libc_nano.a(libc_a-puts.o) (__swbuf_r)
D:/ST/STM32CubeIDE/plugins/com.st.stm32cube.ide.mcu.externaltools.gnu-tools-for-stm32.13.3.rel1.win32_1.0.0.202411081344/tools/bin/../lib/gcc/arm-none-eabi/13.3.1/../../../../arm-none-eabi/lib/thumb/v7e-m+dp/hard\libc_nano.a(libc_a-wsetup.o)
                              D:/ST/STM32CubeIDE/plugins/com.st.stm32cube.ide.mcu.externaltools.gnu-tools-for-stm32.13.3.rel1.win32_1.0.0.202411081344/tools/bin/../lib/gcc/arm-none-eabi/13.3.1/../../../../arm-none-eabi/lib/thumb/v7e-m+dp/hard\libc_nano.a(libc_a-puts.o) (__swsetup_r)
D:/ST/STM32CubeIDE/plugins/com.st.stm32cube.ide.mcu.externaltools.gnu-tools-for-stm32.13.3.rel1.win32_1.0.0.202411081344/tools/bin/../lib/gcc/arm-none-eabi/13.3.1/../../../../arm-none-eabi/lib/thumb/v7e-m+dp/hard\libc_nano.a(libc_a-memset.o)
                              D:/ST/STM32CubeIDE/plugins/com.st.stm32cube.ide.mcu.externaltools.gnu-tools-for-stm32.13.3.rel1.win32_1.0.0.202411081344/tools/bin/../lib/gcc/arm-none-eabi/13.3.1/../../../../arm-none-eabi/lib/thumb/v7e-m+dp/hard/crt0.o (memset)
D:/ST/STM32CubeIDE/plugins/com.st.stm32cube.ide.mcu.externaltools.gnu-tools-for-stm32.13.3.rel1.win32_1.0.0.202411081344/tools/bin/../lib/gcc/arm-none-eabi/13.3.1/../../../../arm-none-eabi/lib/thumb/v7e-m+dp/hard\libc_nano.a(libc_a-closer.o)
[...]
Memory Configuration

Name             Origin             Length             Attributes
FLASH            0x08000000         0x00200000         xr
DTCMRAM          0x20000000         0x00020000         xrw
RAM_D1           0x24000000         0x00080000         xrw
RAM_D2           0x30000000         0x00048000         xrw
RAM_D3           0x38000000         0x00010000         xrw
ITCMRAM          0x00000000         0x00010000         xrw
*default*        0x00000000         0xffffffff

Linker script and memory map

LOAD D:/ST/STM32CubeIDE/plugins/com.st.stm32cube.ide.mcu.externaltools.gnu-tools-for-stm32.13.3.rel1.win32_1.0.0.202411081344/tools/bin/../lib/gcc/arm-none-eabi/13.3.1/thumb/v7e-m+dp/hard/crti.o
LOAD D:/ST/STM32CubeIDE/plugins/com.st.stm32cube.ide.mcu.externaltools.gnu-tools-for-stm32.13.3.rel1.win32_1.0.0.202411081344/tools/bin/../lib/gcc/arm-none-eabi/13.3.1/thumb/v7e-m+dp/hard/crtbegin.o
LOAD D:/ST/STM32CubeIDE/plugins/com.st.stm32cube.ide.mcu.externaltools.gnu-tools-for-stm32.13.3.rel1.win32_1.0.0.202411081344/tools/bin/../lib/gcc/arm-none-eabi/13.3.1/../../../../arm-none-eabi/lib/thumb/v7e-m+dp/hard/crt0.o
LOAD ./Core/Src/debug.o
LOAD ./Core/Src/dma.o
LOAD ./Core/Src/gpio.o
LOAD ./Core/Src/i2c.o
LOAD ./Core/Src/main.o
LOAD ./Core/Src/memorymap.o
LOAD ./Core/Src/sai.o
LOAD ./Core/Src/sdmmc.o
LOAD ./Core/Src/stm32h7xx_hal_msp.o
LOAD ./Core/Src/stm32h7xx_it.o
LOAD ./Core/Src/sysmem.o
LOAD ./Core/Src/system_stm32h7xx.o
LOAD ./Core/Src/usart.o
LOAD ./Core/Startup/startup_stm32h743xihx.o
LOAD ./Drivers/BSP/my_audio.o
LOAD ./Drivers/BSP/wm8978.o
LOAD ./Drivers/STM32H7xx_HAL_Driver/Src/stm32h7xx_hal.o
LOAD ./Drivers/STM32H7xx_HAL_Driver/Src/stm32h7xx_hal_cortex.o
LOAD ./Drivers/STM32H7xx_HAL_Driver/Src/stm32h7xx_hal_dma.o
LOAD ./Drivers/STM32H7xx_HAL_Driver/Src/stm32h7xx_hal_dma_ex.o
LOAD ./Drivers/STM32H7xx_HAL_Driver/Src/stm32h7xx_hal_exti.o
LOAD ./Drivers/STM32H7xx_HAL_Driver/Src/stm32h7xx_hal_flash.o
LOAD ./Drivers/STM32H7xx_HAL_Driver/Src/stm32h7xx_hal_flash_ex.o
LOAD ./Drivers/STM32H7xx_HAL_Driver/Src/stm32h7xx_hal_gpio.o
LOAD ./Drivers/STM32H7xx_HAL_Driver/Src/stm32h7xx_hal_hsem.o
LOAD ./Drivers/STM32H7xx_HAL_Driver/Src/stm32h7xx_hal_i2c.o
LOAD ./Drivers/STM32H7xx_HAL_Driver/Src/stm32h7xx_hal_i2c_ex.o
LOAD ./Drivers/STM32H7xx_HAL_Driver/Src/stm32h7xx_hal_mdma.o
LOAD ./Drivers/STM32H7xx_HAL_Driver/Src/stm32h7xx_hal_mmc.o
LOAD ./Drivers/STM32H7xx_HAL_Driver/Src/stm32h7xx_hal_mmc_ex.o
LOAD ./Drivers/STM32H7xx_HAL_Driver/Src/stm32h7xx_hal_pwr.o
LOAD ./Drivers/STM32H7xx_HAL_Driver/Src/stm32h7xx_hal_pwr_ex.o
LOAD ./Drivers/STM32H7xx_HAL_Driver/Src/stm32h7xx_hal_rcc.o
LOAD ./Drivers/STM32H7xx_HAL_Driver/Src/stm32h7xx_hal_rcc_ex.o
LOAD ./Drivers/STM32H7xx_HAL_Driver/Src/stm32h7xx_hal_sai.o
LOAD ./Drivers/STM32H7xx_HAL_Driver/Src/stm32h7xx_hal_sai_ex.o
LOAD ./Drivers/STM32H7xx_HAL_Driver/Src/stm32h7xx_hal_sd.o
LOAD ./Drivers/STM32H7xx_HAL_Driver/Src/stm32h7xx_hal_sd_ex.o
LOAD ./Drivers/STM32H7xx_HAL_Driver/Src/stm32h7xx_hal_uart.o
LOAD ./Drivers/STM32H7xx_HAL_Driver/Src/stm32h7xx_hal_uart_ex.o
LOAD ./Drivers/STM32H7xx_HAL_Driver/Src/stm32h7xx_ll_delayblock.o
LOAD ./Drivers/STM32H7xx_HAL_Driver/Src/stm32h7xx_ll_sdmmc.o
LOAD ./FATFS/App/fatfs.o
LOAD ./FATFS/Target/bsp_driver_sd.o
LOAD ./FATFS/Target/fatfs_platform.o
LOAD ./FATFS/Target/sd_diskio.o
LOAD ./Middlewares/Third_Party/FatFs/src/diskio.o
LOAD ./Middlewares/Third_Party/FatFs/src/ff.o
LOAD ./Middlewares/Third_Party/FatFs/src/ff_gen_drv.o
LOAD ./Middlewares/Third_Party/FatFs/src/option/cc936.o
LOAD ./Middlewares/Third_Party/FatFs/src/option/syscall.o
START GROUP
LOAD D:/ST/STM32CubeIDE/plugins/com.st.stm32cube.ide.mcu.externaltools.gnu-tools-for-stm32.13.3.rel1.win32_1.0.0.202411081344/tools/bin/../lib/gcc/arm-none-eabi/13.3.1/../../../../arm-none-eabi/lib/thumb/v7e-m+dp/hard\libc_nano.a
LOAD D:/ST/STM32CubeIDE/plugins/com.st.stm32cube.ide.mcu.externaltools.gnu-tools-for-stm32.13.3.rel1.win32_1.0.0.202411081344/tools/bin/../lib/gcc/arm-none-eabi/13.3.1/../../../../arm-none-eabi/lib/thumb/v7e-m+dp/hard\libm.a
END GROUP
START GROUP
LOAD D:/ST/STM32CubeIDE/plugins/com.st.stm32cube.ide.mcu.externaltools.gnu-tools-for-stm32.13.3.rel1.win32_1.0.0.202411081344/tools/bin/../lib/gcc/arm-none-eabi/13.3.1/thumb/v7e-m+dp/hard\libgcc.a
LOAD D:/ST/STM32CubeIDE/plugins/com.st.stm32cube.ide.mcu.externaltools.gnu-tools-for-stm32.13.3.rel1.win32_1.0.0.202411081344/tools/bin/../lib/gcc/arm-none-eabi/13.3.1/../../../../arm-none-eabi/lib/thumb/v7e-m+dp/hard\libc_nano.a
END GROUP
START GROUP
LOAD D:/ST/STM32CubeIDE/plugins/com.st.stm32cube.ide.mcu.externaltools.gnu-tools-for-stm32.13.3.rel1.win32_1.0.0.202411081344/tools/bin/../lib/gcc/arm-none-eabi/13.3.1/thumb/v7e-m+dp/hard\libgcc.a
LOAD D:/ST/STM32CubeIDE/plugins/com.st.stm32cube.ide.mcu.externaltools.gnu-tools-for-stm32.13.3.rel1.win32_1.0.0.202411081344/tools/bin/../lib/gcc/arm-none-eabi/13.3.1/../../../../arm-none-eabi/lib/thumb/v7e-m+dp/hard\libc_nano.a
LOAD D:/ST/STM32CubeIDE/plugins/com.st.stm32cube.ide.mcu.externaltools.gnu-tools-for-stm32.13.3.rel1.win32_1.0.0.202411081344/tools/bin/../lib/gcc/arm-none-eabi/13.3.1/../../../../arm-none-eabi/lib/thumb/v7e-m+dp/hard\libnosys.a
END GROUP
START GROUP
LOAD D:/ST/STM32CubeIDE/plugins/com.st.stm32cube.ide.mcu.externaltools.gnu-tools-for-stm32.13.3.rel1.win32_1.0.0.202411081344/tools/bin/../lib/gcc/arm-none-eabi/13.3.1/thumb/v7e-m+dp/hard\libgcc.a
LOAD D:/ST/STM32CubeIDE/plugins/com.st.stm32cube.ide.mcu.externaltools.gnu-tools-for-stm32.13.3.rel1.win32_1.0.0.202411081344/tools/bin/../lib/gcc/arm-none-eabi/13.3.1/../../../../arm-none-eabi/lib/thumb/v7e-m+dp/hard\libc_nano.a
LOAD D:/ST/STM32CubeIDE/plugins/com.st.stm32cube.ide.mcu.externaltools.gnu-tools-for-stm32.13.3.rel1.win32_1.0.0.202411081344/tools/bin/../lib/gcc/arm-none-eabi/13.3.1/../../../../arm-none-eabi/lib/thumb/v7e-m+dp/hard\libnosys.a
END GROUP
LOAD D:/ST/STM32CubeIDE/plugins/com.st.stm32cube.ide.mcu.externaltools.gnu-tools-for-stm32.13.3.rel1.win32_1.0.0.202411081344/tools/bin/../lib/gcc/arm-none-eabi/13.3.1/thumb/v7e-m+dp/hard/crtend.o
LOAD D:/ST/STM32CubeIDE/plugins/com.st.stm32cube.ide.mcu.externaltools.gnu-tools-for-stm32.13.3.rel1.win32_1.0.0.202411081344/tools/bin/../lib/gcc/arm-none-eabi/13.3.1/thumb/v7e-m+dp/hard/crtn.o
                0x24080000                        _estack = (ORIGIN (RAM_D1) + LENGTH (RAM_D1))
                0x00002000                        _Min_Heap_Size = 0x2000
                0x00004000                        _Min_Stack_Size = 0x4000

.isr_vector     0x08000000      0x298
                0x08000000                        . = ALIGN (0x4)
 *(.isr_vector)
 .isr_vector    0x08000000      0x298 ./Core/Startup/startup_stm32h743xihx.o
                0x08000000                g_pfnVectors
                0x08000298                        . = ALIGN (0x4)

.text           0x080002a0    0x120c0
                0x080002a0                        . = ALIGN (0x4)
 *(.text)
 .text          0x080002a0       0x40 D:/ST/STM32CubeIDE/plugins/com.st.stm32cube.ide.mcu.externaltools.gnu-tools-for-stm32.13.3.rel1.win32_1.0.0.202411081344/tools/bin/../lib/gcc/arm-none-eabi/13.3.1/thumb/v7e-m+dp/hard/crtbegin.o
 .text          0x080002e0       0xa0 D:/ST/STM32CubeIDE/plugins/com.st.stm32cube.ide.mcu.externaltools.gnu-tools-for-stm32.13.3.rel1.win32_1.0.0.202411081344/tools/bin/../lib/gcc/arm-none-eabi/13.3.1/../../../../arm-none-eabi/lib/thumb/v7e-m+dp/hard\libc_nano.a(libc_a-memchr.o)
                0x080002e0                memchr
 .text          0x08000380       0x30 D:/ST/STM32CubeIDE/plugins/com.st.stm32cube.ide.mcu.externaltools.gnu-tools-for-stm32.13.3.rel1.win32_1.0.0.202411081344/tools/bin/../lib/gcc/arm-none-eabi/13.3.1/thumb/v7e-m+dp/hard\libgcc.a(_aeabi_uldivmod.o)
                0x08000380                __aeabi_uldivmod
 .text          0x080003b0      0x2f8 D:/ST/STM32CubeIDE/plugins/com.st.stm32cube.ide.mcu.externaltools.gnu-tools-for-stm32.13.3.rel1.win32_1.0.0.202411081344/tools/bin/../lib/gcc/arm-none-eabi/13.3.1/thumb/v7e-m+dp/hard\libgcc.a(_udivmoddi4.o)
                0x080003b0                __udivmoddi4
 .text          0x080006a8        0x4 D:/ST/STM32CubeIDE/plugins/com.st.stm32cube.ide.mcu.externaltools.gnu-tools-for-stm32.13.3.rel1.win32_1.0.0.202411081344/tools/bin/../lib/gcc/arm-none-eabi/13.3.1/thumb/v7e-m+dp/hard\libgcc.a(_dvmd_tls.o)
                0x080006a8                __aeabi_idiv0
                0x080006a8                __aeabi_ldiv0
 *(.text*)
 .text.DebugInit
                0x080006ac       0x30 ./Core/Src/debug.o
                0x080006ac                DebugInit
 .text._isatty  0x080006dc       0x2c ./Core/Src/debug.o
                0x080006dc                _isatty
 .text._write   0x08000708       0x58 ./Core/Src/debug.o
                0x08000708                _write
 .text._close   0x08000760       0x2e ./Core/Src/debug.o
                0x08000760                _close
 .text._lseek   0x0800078e       0x22 ./Core/Src/debug.o
                0x0800078e                _lseek
 .text._read    0x080007b0       0x50 ./Core/Src/debug.o
                0x080007b0                _read
 .text._fstat   0x08000800       0x36 ./Core/Src/debug.o
                0x08000800                _fstat
 *fill*         0x08000836        0x2 
 .text.MX_DMA_Init
                0x08000838       0x40 ./Core/Src/dma.o
                0x08000838                MX_DMA_Init
 .text.MX_GPIO_Init
                0x08000878       0xf4 ./Core/Src/gpio.o
                0x08000878                MX_GPIO_Init
 .text.MX_I2C1_Init
                0x0800096c       0x80 ./Core/Src/i2c.o
                0x0800096c                MX_I2C1_Init
 .text.HAL_I2C_MspInit
                0x080009ec       0xd0 ./Core/Src/i2c.o
                0x080009ec                HAL_I2C_MspInit
 .text.main     0x08000abc      0x330 ./Core/Src/main.o
                0x08000abc                main
 .text.SystemClock_Config
                0x08000dec       0xf4 ./Core/Src/main.o
                0x08000dec                SystemClock_Config
 .text.HAL_SAI_TxCpltCallback
                0x08000ee0       0x58 ./Core/Src/main.o
                0x08000ee0                HAL_SAI_TxCpltCallback
 .text.Error_Handler
                0x08000f38        0xc ./Core/Src/main.o
                0x08000f38                Error_Handler
 .text.MX_SAI1_Init
                0x08000f44       0x74 ./Core/Src/sai.o
                0x08000f44                MX_SAI1_Init
 .text.HAL_SAI_MspInit
                0x08000fb8      0x190 ./Core/Src/sai.o
                0x08000fb8                HAL_SAI_MspInit
 .text.MX_SDMMC1_SD_Init
                0x08001148       0x3c ./Core/Src/sdmmc.o
                0x08001148                MX_SDMMC1_SD_Init
 .text.HAL_SD_MspInit
                0x08001184      0x11c ./Core/Src/sdmmc.o
                0x08001184                HAL_SD_MspInit
 .text.HAL_MspInit
                0x080012a0       0x34 ./Core/Src/stm32h7xx_hal_msp.o
                0x080012a0                HAL_MspInit
 .text.NMI_Handler
                0x080012d4        0x8 ./Core/Src/stm32h7xx_it.o
                0x080012d4                NMI_Handler
 .text.HardFault_Handler
                0x080012dc        0x8 ./Core/Src/stm32h7xx_it.o
                0x080012dc                HardFault_Handler
 .text.MemManage_Handler
                0x080012e4        0x8 ./Core/Src/stm32h7xx_it.o
                0x080012e4                MemManage_Handler
 .text.BusFault_Handler
                0x080012ec        0x8 ./Core/Src/stm32h7xx_it.o
                0x080012ec                BusFault_Handler
 .text.UsageFault_Handler
                0x080012f4        0x8 ./Core/Src/stm32h7xx_it.o
                0x080012f4                UsageFault_Handler
 .text.SVC_Handler
                0x080012fc        0xe ./Core/Src/stm32h7xx_it.o
                0x080012fc                SVC_Handler
 .text.DebugMon_Handler
                0x0800130a        0xe ./Core/Src/stm32h7xx_it.o
                0x0800130a                DebugMon_Handler
 .text.PendSV_Handler
                0x08001318        0xe ./Core/Src/stm32h7xx_it.o
                0x08001318                PendSV_Handler
 .text.SysTick_Handler
                0x08001326        0xc ./Core/Src/stm32h7xx_it.o
                0x08001326                SysTick_Handler
 *fill*         0x08001332        0x2 
 .text.DMA1_Stream0_IRQHandler
                0x08001334       0x14 ./Core/Src/stm32h7xx_it.o
                0x08001334                DMA1_Stream0_IRQHandler
 .text.SAI1_IRQHandler
                0x08001348       0x14 ./Core/Src/stm32h7xx_it.o
                0x08001348                SAI1_IRQHandler
 .text._sbrk    0x0800135c       0x6c ./Core/Src/sysmem.o
                0x0800135c                _sbrk
 .text.SystemInit
                0x080013c8      0x140 ./Core/Src/system_stm32h7xx.o
                0x080013c8                SystemInit
 .text.ExitRun0Mode
                0x08001508       0x30 ./Core/Src/system_stm32h7xx.o
                0x08001508                ExitRun0Mode
 .text.MX_USART1_UART_Init
                0x08001538       0x98 ./Core/Src/usart.o
                0x08001538                MX_USART1_UART_Init
 .text.HAL_UART_MspInit
                0x080015d0       0xd4 ./Core/Src/usart.o
                0x080015d0                HAL_UART_MspInit
 .text.Reset_Handler
                0x080016a4       0x54 ./Core/Startup/startup_stm32h743xihx.o
                0x080016a4                Reset_Handler
 .text.Default_Handler
                0x080016f8        0x2 ./Core/Startup/startup_stm32h743xihx.o
                0x080016f8                RTC_Alarm_IRQHandler
                0x080016f8                EXTI2_IRQHandler
                0x080016f8                TIM8_CC_IRQHandler
                0x080016f8                HRTIM1_Master_IRQHandler
                0x080016f8                UART8_IRQHandler
                0x080016f8                SPI4_IRQHandler
                0x080016f8                TIM1_CC_IRQHandler
                0x080016f8                BDMA_Channel6_IRQHandler
                0x080016f8                DMA2_Stream5_IRQHandler
                0x080016f8                HRTIM1_FLT_IRQHandler
                0x080016f8                JPEG_IRQHandler
                0x080016f8                DMA1_Stream5_IRQHandler
                0x080016f8                BDMA_Channel1_IRQHandler
                0x080016f8                HRTIM1_TIMD_IRQHandler
                0x080016f8                TAMP_STAMP_IRQHandler
                0x080016f8                EXTI3_IRQHandler
                0x080016f8                LPTIM4_IRQHandler
                0x080016f8                TIM8_TRG_COM_TIM14_IRQHandler
                0x080016f8                LPTIM2_IRQHandler
                0x080016f8                DFSDM1_FLT1_IRQHandler
                0x080016f8                DMAMUX2_OVR_IRQHandler
                0x080016f8                TIM8_UP_TIM13_IRQHandler
                0x080016f8                I2C3_ER_IRQHandler
                0x080016f8                DFSDM1_FLT2_IRQHandler
                0x080016f8                MDMA_IRQHandler
                0x080016f8                LPTIM3_IRQHandler
                0x080016f8                HSEM1_IRQHandler
                0x080016f8                EXTI0_IRQHandler
                0x080016f8                I2C2_EV_IRQHandler
                0x080016f8                DMA1_Stream2_IRQHandler
                0x080016f8                FPU_IRQHandler
                0x080016f8                OTG_HS_WKUP_IRQHandler
                0x080016f8                FDCAN1_IT1_IRQHandler
                0x080016f8                LTDC_ER_IRQHandler
                0x080016f8                DMA2_Stream2_IRQHandler
                0x080016f8                HRTIM1_TIME_IRQHandler
                0x080016f8                SPI1_IRQHandler
                0x080016f8                TIM6_DAC_IRQHandler
                0x080016f8                DCMI_IRQHandler
                0x080016f8                HRTIM1_TIMC_IRQHandler
                0x080016f8                DMA2_Stream3_IRQHandler
                0x080016f8                SAI2_IRQHandler
                0x080016f8                DFSDM1_FLT3_IRQHandler
                0x080016f8                USART6_IRQHandler
                0x080016f8                TIM17_IRQHandler
                0x080016f8                USART3_IRQHandler
                0x080016f8                BDMA_Channel7_IRQHandler
                0x080016f8                LPTIM5_IRQHandler
                0x080016f8                UART5_IRQHandler
                0x080016f8                ADC3_IRQHandler
                0x080016f8                DMA2_Stream0_IRQHandler
                0x080016f8                TIM4_IRQHandler
                0x080016f8                BDMA_Channel2_IRQHandler
                0x080016f8                QUADSPI_IRQHandler
                0x080016f8                I2C1_EV_IRQHandler
                0x080016f8                DMA1_Stream6_IRQHandler
                0x080016f8                DMAMUX1_OVR_IRQHandler
                0x080016f8                DMA1_Stream1_IRQHandler
                0x080016f8                TIM16_IRQHandler
                0x080016f8                UART4_IRQHandler
                0x080016f8                BDMA_Channel5_IRQHandler
                0x080016f8                TIM3_IRQHandler
                0x080016f8                RCC_IRQHandler
                0x080016f8                TIM8_BRK_TIM12_IRQHandler
                0x080016f8                TIM1_TRG_COM_IRQHandler
                0x080016f8                Default_Handler
                0x080016f8                ECC_IRQHandler
                0x080016f8                CEC_IRQHandler
                0x080016f8                EXTI15_10_IRQHandler
                0x080016f8                BDMA_Channel0_IRQHandler
                0x080016f8                ADC_IRQHandler
                0x080016f8                DMA1_Stream7_IRQHandler
                0x080016f8                HRTIM1_TIMA_IRQHandler
                0x080016f8                SPI5_IRQHandler
                0x080016f8                TIM7_IRQHandler
                0x080016f8                SDMMC1_IRQHandler
                0x080016f8                TIM5_IRQHandler
                0x080016f8                DMA2_Stream7_IRQHandler
                0x080016f8                TIM15_IRQHandler
                0x080016f8                PVD_AVD_IRQHandler
                0x080016f8                I2C3_EV_IRQHandler
                0x080016f8                EXTI9_5_IRQHandler
                0x080016f8                RTC_WKUP_IRQHandler
                0x080016f8                LTDC_IRQHandler
                0x080016f8                SAI3_IRQHandler
                0x080016f8                ETH_WKUP_IRQHandler
                0x080016f8                SPDIF_RX_IRQHandler
                0x080016f8                SPI2_IRQHandler
                0x080016f8                OTG_HS_EP1_IN_IRQHandler
                0x080016f8                CRS_IRQHandler
                0x080016f8                EXTI4_IRQHandler
                0x080016f8                RNG_IRQHandler
                0x080016f8                HRTIM1_TIMB_IRQHandler
                0x080016f8                FDCAN2_IT1_IRQHandler
                0x080016f8                ETH_IRQHandler
                0x080016f8                TIM1_UP_IRQHandler
                0x080016f8                BDMA_Channel4_IRQHandler
                0x080016f8                OTG_HS_EP1_OUT_IRQHandler
                0x080016f8                WWDG_IRQHandler
                0x080016f8                SPI6_IRQHandler
                0x080016f8                MDIOS_IRQHandler
                0x080016f8                I2C4_EV_IRQHandler
                0x080016f8                FDCAN2_IT0_IRQHandler
                0x080016f8                LPUART1_IRQHandler
                0x080016f8                FDCAN1_IT0_IRQHandler
                0x080016f8                TIM2_IRQHandler
                0x080016f8                OTG_FS_WKUP_IRQHandler
                0x080016f8                OTG_HS_IRQHandler
                0x080016f8                DMA2D_IRQHandler
                0x080016f8                TIM1_BRK_IRQHandler
                0x080016f8                EXTI1_IRQHandler
                0x080016f8                SDMMC2_IRQHandler
                0x080016f8                OTG_FS_EP1_OUT_IRQHandler
                0x080016f8                BDMA_Channel3_IRQHandler
                0x080016f8                UART7_IRQHandler
                0x080016f8                MDIOS_WKUP_IRQHandler
                0x080016f8                USART2_IRQHandler
                0x080016f8                DFSDM1_FLT0_IRQHandler
                0x080016f8                SAI4_IRQHandler
                0x080016f8                I2C2_ER_IRQHandler
                0x080016f8                DMA2_Stream1_IRQHandler
                0x080016f8                FLASH_IRQHandler
                0x080016f8                DMA2_Stream4_IRQHandler
                0x080016f8                USART1_IRQHandler
                0x080016f8                OTG_FS_IRQHandler
                0x080016f8                SPI3_IRQHandler
                0x080016f8                WAKEUP_PIN_IRQHandler
                0x080016f8                DMA1_Stream4_IRQHandler
                0x080016f8                OTG_FS_EP1_IN_IRQHandler
                0x080016f8                I2C1_ER_IRQHandler
                0x080016f8                FMC_IRQHandler
                0x080016f8                FDCAN_CAL_IRQHandler
                0x080016f8                SWPMI1_IRQHandler
                0x080016f8                COMP1_IRQHandler
                0x080016f8                LPTIM1_IRQHandler
                0x080016f8                I2C4_ER_IRQHandler
                0x080016f8                DMA2_Stream6_IRQHandler
                0x080016f8                DMA1_Stream3_IRQHandler
 *fill*         0x080016fa        0x2 
 .text.WM8978_I2C_WriteRegister
                0x080016fc       0x70 ./Drivers/BSP/wm8978.o
 .text.WM8978_WriteReg
                0x0800176c       0x38 ./Drivers/BSP/wm8978.o
 .text.WM8978_Init
                0x080017a4       0x1e ./Drivers/BSP/wm8978.o
                0x080017a4                WM8978_Init
 .text.WM8978_SetOUT1Volume
                0x080017c2       0x3e ./Drivers/BSP/wm8978.o
                0x080017c2                WM8978_SetOUT1Volume
 .text.WM8978_PowerDown
                0x08001800        0xc ./Drivers/BSP/wm8978.o
                0x08001800                WM8978_PowerDown
 .text.WM8978_CfgAudioIF
                0x0800180c       0x7a ./Drivers/BSP/wm8978.o
                0x0800180c                WM8978_CfgAudioIF
 .text.WM8978_CfgAudioPath
                0x08001886      0x3de ./Drivers/BSP/wm8978.o
                0x08001886                WM8978_CfgAudioPath
 .text.WM8978_CtrlGPIO1
                0x08001c64       0x2c ./Drivers/BSP/wm8978.o
                0x08001c64                WM8978_CtrlGPIO1
 .text.WM8978_Reset
                0x08001c90       0x68 ./Drivers/BSP/wm8978.o
                0x08001c90                WM8978_Reset
 .text.HAL_Init
                0x08001cf8       0x78 ./Drivers/STM32H7xx_HAL_Driver/Src/stm32h7xx_hal.o
                0x08001cf8                HAL_Init
 .text.HAL_InitTick
                0x08001d70       0x6c ./Drivers/STM32H7xx_HAL_Driver/Src/stm32h7xx_hal.o
                0x08001d70                HAL_InitTick
 .text.HAL_IncTick
                0x08001ddc       0x28 ./Drivers/STM32H7xx_HAL_Driver/Src/stm32h7xx_hal.o
                0x08001ddc                HAL_IncTick
 .text.HAL_GetTick
                0x08001e04       0x18 ./Drivers/STM32H7xx_HAL_Driver/Src/stm32h7xx_hal.o
                0x08001e04                HAL_GetTick
 .text.HAL_Delay
                0x08001e1c       0x48 ./Drivers/STM32H7xx_HAL_Driver/Src/stm32h7xx_hal.o
                0x08001e1c                HAL_Delay
 .text.HAL_GetREVID
                0x08001e64       0x18 ./Drivers/STM32H7xx_HAL_Driver/Src/stm32h7xx_hal.o
                0x08001e64                HAL_GetREVID
 .text.__NVIC_SetPriorityGrouping
                0x08001e7c       0x48 ./Drivers/STM32H7xx_HAL_Driver/Src/stm32h7xx_hal_cortex.o
 .text.__NVIC_GetPriorityGrouping
                0x08001ec4       0x1c ./Drivers/STM32H7xx_HAL_Driver/Src/stm32h7xx_hal_cortex.o
 .text.__NVIC_EnableIRQ
                0x08001ee0       0x3c ./Drivers/STM32H7xx_HAL_Driver/Src/stm32h7xx_hal_cortex.o
 .text.__NVIC_SetPriority
                0x08001f1c       0x54 ./Drivers/STM32H7xx_HAL_Driver/Src/stm32h7xx_hal_cortex.o
 .text.NVIC_EncodePriority
                0x08001f70       0x66 ./Drivers/STM32H7xx_HAL_Driver/Src/stm32h7xx_hal_cortex.o
 *fill*         0x08001fd6        0x2 
 .text.SysTick_Config
                0x08001fd8       0x44 ./Drivers/STM32H7xx_HAL_Driver/Src/stm32h7xx_hal_cortex.o
 .text.HAL_NVIC_SetPriorityGrouping
                0x0800201c       0x16 ./Drivers/STM32H7xx_HAL_Driver/Src/stm32h7xx_hal_cortex.o
                0x0800201c                HAL_NVIC_SetPriorityGrouping
 .text.HAL_NVIC_SetPriority
                0x08002032       0x34 ./Drivers/STM32H7xx_HAL_Driver/Src/stm32h7xx_hal_cortex.o
                0x08002032                HAL_NVIC_SetPriority
 .text.HAL_NVIC_EnableIRQ
                0x08002066       0x1c ./Drivers/STM32H7xx_HAL_Driver/Src/stm32h7xx_hal_cortex.o
                0x08002066                HAL_NVIC_EnableIRQ
 .text.HAL_SYSTICK_Config
                0x08002082       0x18 ./Drivers/STM32H7xx_HAL_Driver/Src/stm32h7xx_hal_cortex.o
                0x08002082                HAL_SYSTICK_Config
 *fill*         0x0800209a        0x2 
 .text.HAL_DMA_Init
                0x0800209c      0x6b8 ./Drivers/STM32H7xx_HAL_Driver/Src/stm32h7xx_hal_dma.o
                0x0800209c                HAL_DMA_Init
 .text.HAL_DMA_Start_IT
                0x08002754      0x4d4 ./Drivers/STM32H7xx_HAL_Driver/Src/stm32h7xx_hal_dma.o
                0x08002754                HAL_DMA_Start_IT
 .text.HAL_DMA_Abort
                0x08002c28      0x63c ./Drivers/STM32H7xx_HAL_Driver/Src/stm32h7xx_hal_dma.o
                0x08002c28                HAL_DMA_Abort
 .text.HAL_DMA_Abort_IT
                0x08003264      0x48c ./Drivers/STM32H7xx_HAL_Driver/Src/stm32h7xx_hal_dma.o
                0x08003264                HAL_DMA_Abort_IT
 .text.HAL_DMA_IRQHandler
                0x080036f0      0xe54 ./Drivers/STM32H7xx_HAL_Driver/Src/stm32h7xx_hal_dma.o
                0x080036f0                HAL_DMA_IRQHandler
 .text.HAL_DMA_GetError
                0x08004544       0x18 ./Drivers/STM32H7xx_HAL_Driver/Src/stm32h7xx_hal_dma.o
                0x08004544                HAL_DMA_GetError
 .text.DMA_SetConfig
                0x0800455c      0x358 ./Drivers/STM32H7xx_HAL_Driver/Src/stm32h7xx_hal_dma.o
 .text.DMA_CalcBaseAndBitshift
                0x080048b4      0x164 ./Drivers/STM32H7xx_HAL_Driver/Src/stm32h7xx_hal_dma.o
 .text.DMA_CheckFifoParam
                0x08004a18       0xf8 ./Drivers/STM32H7xx_HAL_Driver/Src/stm32h7xx_hal_dma.o
 .text.DMA_CalcDMAMUXChannelBaseAndMask
                0x08004b10      0x134 ./Drivers/STM32H7xx_HAL_Driver/Src/stm32h7xx_hal_dma.o
 .text.DMA_CalcDMAMUXRequestGenBaseAndMask
                0x08004c44       0xe8 ./Drivers/STM32H7xx_HAL_Driver/Src/stm32h7xx_hal_dma.o
 .text.HAL_GPIO_Init
                0x08004d2c      0x360 ./Drivers/STM32H7xx_HAL_Driver/Src/stm32h7xx_hal_gpio.o
                0x08004d2c                HAL_GPIO_Init
 .text.HAL_GPIO_ReadPin
                0x0800508c       0x30 ./Drivers/STM32H7xx_HAL_Driver/Src/stm32h7xx_hal_gpio.o
                0x0800508c                HAL_GPIO_ReadPin
 .text.HAL_I2C_Init
                0x080050bc      0x138 ./Drivers/STM32H7xx_HAL_Driver/Src/stm32h7xx_hal_i2c.o
                0x080050bc                HAL_I2C_Init
 .text.HAL_I2C_Master_Transmit
                0x080051f4      0x230 ./Drivers/STM32H7xx_HAL_Driver/Src/stm32h7xx_hal_i2c.o
                0x080051f4                HAL_I2C_Master_Transmit
 .text.I2C_Flush_TXDR
                0x08005424       0x48 ./Drivers/STM32H7xx_HAL_Driver/Src/stm32h7xx_hal_i2c.o
 .text.I2C_WaitOnFlagUntilTimeout
                0x0800546c       0xb2 ./Drivers/STM32H7xx_HAL_Driver/Src/stm32h7xx_hal_i2c.o
 .text.I2C_WaitOnTXISFlagUntilTimeout
                0x0800551e       0x8e ./Drivers/STM32H7xx_HAL_Driver/Src/stm32h7xx_hal_i2c.o
 .text.I2C_WaitOnSTOPFlagUntilTimeout
                0x080055ac       0x86 ./Drivers/STM32H7xx_HAL_Driver/Src/stm32h7xx_hal_i2c.o
 *fill*         0x08005632        0x2 
 .text.I2C_IsErrorOccurred
                0x08005634      0x1c0 ./Drivers/STM32H7xx_HAL_Driver/Src/stm32h7xx_hal_i2c.o
 .text.I2C_TransferConfig
                0x080057f4       0x64 ./Drivers/STM32H7xx_HAL_Driver/Src/stm32h7xx_hal_i2c.o
 .text.HAL_I2CEx_ConfigAnalogFilter
                0x08005858       0x96 ./Drivers/STM32H7xx_HAL_Driver/Src/stm32h7xx_hal_i2c_ex.o
                0x08005858                HAL_I2CEx_ConfigAnalogFilter
 .text.HAL_I2CEx_ConfigDigitalFilter
                0x080058ee       0x98 ./Drivers/STM32H7xx_HAL_Driver/Src/stm32h7xx_hal_i2c_ex.o
                0x080058ee                HAL_I2CEx_ConfigDigitalFilter
 *fill*         0x08005986        0x2 
 .text.HAL_PWREx_ConfigSupply
                0x08005988       0x74 ./Drivers/STM32H7xx_HAL_Driver/Src/stm32h7xx_hal_pwr_ex.o
                0x08005988                HAL_PWREx_ConfigSupply
 .text.HAL_RCC_OscConfig
                0x080059fc      0x8b4 ./Drivers/STM32H7xx_HAL_Driver/Src/stm32h7xx_hal_rcc.o
                0x080059fc                HAL_RCC_OscConfig
 .text.HAL_RCC_ClockConfig
                0x080062b0      0x36c ./Drivers/STM32H7xx_HAL_Driver/Src/stm32h7xx_hal_rcc.o
                0x080062b0                HAL_RCC_ClockConfig
 .text.HAL_RCC_GetSysClockFreq
                0x0800661c      0x2f4 ./Drivers/STM32H7xx_HAL_Driver/Src/stm32h7xx_hal_rcc.o
                0x0800661c                HAL_RCC_GetSysClockFreq
 .text.HAL_RCC_GetHCLKFreq
                0x08006910       0x60 ./Drivers/STM32H7xx_HAL_Driver/Src/stm32h7xx_hal_rcc.o
                0x08006910                HAL_RCC_GetHCLKFreq
 .text.HAL_RCC_GetPCLK1Freq
                0x08006970       0x2c ./Drivers/STM32H7xx_HAL_Driver/Src/stm32h7xx_hal_rcc.o
                0x08006970                HAL_RCC_GetPCLK1Freq
 .text.HAL_RCC_GetPCLK2Freq
                0x0800699c       0x2c ./Drivers/STM32H7xx_HAL_Driver/Src/stm32h7xx_hal_rcc.o
                0x0800699c                HAL_RCC_GetPCLK2Freq
 .text.HAL_RCCEx_PeriphCLKConfig
                0x080069c8     0x1414 ./Drivers/STM32H7xx_HAL_Driver/Src/stm32h7xx_hal_rcc_ex.o
                0x080069c8                HAL_RCCEx_PeriphCLKConfig
 .text.HAL_RCCEx_GetPeriphCLKFreq
                0x08007ddc      0xb00 ./Drivers/STM32H7xx_HAL_Driver/Src/stm32h7xx_hal_rcc_ex.o
                0x08007ddc                HAL_RCCEx_GetPeriphCLKFreq
 .text.HAL_RCCEx_GetD3PCLK1Freq
                0x080088dc       0x2c ./Drivers/STM32H7xx_HAL_Driver/Src/stm32h7xx_hal_rcc_ex.o
                0x080088dc                HAL_RCCEx_GetD3PCLK1Freq
 .text.HAL_RCCEx_GetPLL2ClockFreq
                0x08008908      0x2a8 ./Drivers/STM32H7xx_HAL_Driver/Src/stm32h7xx_hal_rcc_ex.o
                0x08008908                HAL_RCCEx_GetPLL2ClockFreq
 .text.HAL_RCCEx_GetPLL3ClockFreq
                0x08008bb0      0x2a8 ./Drivers/STM32H7xx_HAL_Driver/Src/stm32h7xx_hal_rcc_ex.o
                0x08008bb0                HAL_RCCEx_GetPLL3ClockFreq
 .text.HAL_RCCEx_GetPLL1ClockFreq
                0x08008e58      0x2a4 ./Drivers/STM32H7xx_HAL_Driver/Src/stm32h7xx_hal_rcc_ex.o
                0x08008e58                HAL_RCCEx_GetPLL1ClockFreq
 .text.RCCEx_PLL2_Config
                0x080090fc      0x164 ./Drivers/STM32H7xx_HAL_Driver/Src/stm32h7xx_hal_rcc_ex.o
 .text.RCCEx_PLL3_Config
                0x08009260      0x164 ./Drivers/STM32H7xx_HAL_Driver/Src/stm32h7xx_hal_rcc_ex.o
 .text.HAL_SAI_InitProtocol
                0x080093c4       0x62 ./Drivers/STM32H7xx_HAL_Driver/Src/stm32h7xx_hal_sai.o
                0x080093c4                HAL_SAI_InitProtocol
 *fill*         0x08009426        0x2 
 .text.HAL_SAI_Init
                0x08009428      0x554 ./Drivers/STM32H7xx_HAL_Driver/Src/stm32h7xx_hal_sai.o
                0x08009428                HAL_SAI_Init
 .text.HAL_SAI_Abort
                0x0800997c      0x11e ./Drivers/STM32H7xx_HAL_Driver/Src/stm32h7xx_hal_sai.o
                0x0800997c                HAL_SAI_Abort
 *fill*         0x08009a9a        0x2 
 .text.HAL_SAI_Transmit_DMA
                0x08009a9c      0x16c ./Drivers/STM32H7xx_HAL_Driver/Src/stm32h7xx_hal_sai.o
                0x08009a9c                HAL_SAI_Transmit_DMA
 .text.HAL_SAI_IRQHandler
                0x08009c08      0x370 ./Drivers/STM32H7xx_HAL_Driver/Src/stm32h7xx_hal_sai.o
                0x08009c08                HAL_SAI_IRQHandler
 .text.HAL_SAI_TxHalfCpltCallback
                0x08009f78       0x14 ./Drivers/STM32H7xx_HAL_Driver/Src/stm32h7xx_hal_sai.o
                0x08009f78                HAL_SAI_TxHalfCpltCallback
 .text.HAL_SAI_ErrorCallback
                0x08009f8c       0x14 ./Drivers/STM32H7xx_HAL_Driver/Src/stm32h7xx_hal_sai.o
                0x08009f8c                HAL_SAI_ErrorCallback
 .text.SAI_InitI2S
                0x08009fa0      0x164 ./Drivers/STM32H7xx_HAL_Driver/Src/stm32h7xx_hal_sai.o
 .text.SAI_InitPCM
                0x0800a104      0x104 ./Drivers/STM32H7xx_HAL_Driver/Src/stm32h7xx_hal_sai.o
 .text.SAI_InterruptFlag
                0x0800a208       0x6e ./Drivers/STM32H7xx_HAL_Driver/Src/stm32h7xx_hal_sai.o
 *fill*         0x0800a276        0x2 
 .text.SAI_Disable
                0x0800a278       0x74 ./Drivers/STM32H7xx_HAL_Driver/Src/stm32h7xx_hal_sai.o
 .text.SAI_DMATxCplt
                0x0800a2ec       0x60 ./Drivers/STM32H7xx_HAL_Driver/Src/stm32h7xx_hal_sai.o
 .text.SAI_DMATxHalfCplt
                0x0800a34c       0x1c ./Drivers/STM32H7xx_HAL_Driver/Src/stm32h7xx_hal_sai.o
 .text.SAI_DMAError
                0x0800a368       0x5e ./Drivers/STM32H7xx_HAL_Driver/Src/stm32h7xx_hal_sai.o
 .text.SAI_DMAAbort
                0x0800a3c6       0x6e ./Drivers/STM32H7xx_HAL_Driver/Src/stm32h7xx_hal_sai.o
 .text.HAL_SD_Init
                0x0800a434      0x106 ./Drivers/STM32H7xx_HAL_Driver/Src/stm32h7xx_hal_sd.o
                0x0800a434                HAL_SD_Init
 *fill*         0x0800a53a        0x2 
 .text.HAL_SD_InitCard
                0x0800a53c      0x138 ./Drivers/STM32H7xx_HAL_Driver/Src/stm32h7xx_hal_sd.o
                0x0800a53c                HAL_SD_InitCard
 .text.HAL_SD_ReadBlocks
                0x0800a674      0x314 ./Drivers/STM32H7xx_HAL_Driver/Src/stm32h7xx_hal_sd.o
                0x0800a674                HAL_SD_ReadBlocks
 .text.HAL_SD_WriteBlocks
                0x0800a988      0x31c ./Drivers/STM32H7xx_HAL_Driver/Src/stm32h7xx_hal_sd.o
                0x0800a988                HAL_SD_WriteBlocks
 .text.HAL_SD_GetCardCSD
                0x0800aca4      0x348 ./Drivers/STM32H7xx_HAL_Driver/Src/stm32h7xx_hal_sd.o
                0x0800aca4                HAL_SD_GetCardCSD
 .text.HAL_SD_GetCardStatus
                0x0800afec      0x17c ./Drivers/STM32H7xx_HAL_Driver/Src/stm32h7xx_hal_sd.o
                0x0800afec                HAL_SD_GetCardStatus
 .text.HAL_SD_GetCardInfo
                0x0800b168       0x58 ./Drivers/STM32H7xx_HAL_Driver/Src/stm32h7xx_hal_sd.o
                0x0800b168                HAL_SD_GetCardInfo
 .text.HAL_SD_ConfigWideBusOperation
                0x0800b1c0      0x224 ./Drivers/STM32H7xx_HAL_Driver/Src/stm32h7xx_hal_sd.o
                0x0800b1c0                HAL_SD_ConfigWideBusOperation
 .text.HAL_SD_GetCardState
                0x0800b3e4       0x40 ./Drivers/STM32H7xx_HAL_Driver/Src/stm32h7xx_hal_sd.o
                0x0800b3e4                HAL_SD_GetCardState
 .text.SD_InitCard
                0x0800b424      0x19c ./Drivers/STM32H7xx_HAL_Driver/Src/stm32h7xx_hal_sd.o
 .text.SD_PowerON
                0x0800b5c0      0x11c ./Drivers/STM32H7xx_HAL_Driver/Src/stm32h7xx_hal_sd.o
 .text.SD_SendSDStatus
                0x0800b6dc      0x1a0 ./Drivers/STM32H7xx_HAL_Driver/Src/stm32h7xx_hal_sd.o
 .text.SD_SendStatus
                0x0800b87c       0x50 ./Drivers/STM32H7xx_HAL_Driver/Src/stm32h7xx_hal_sd.o
 .text.SD_WideBus_Enable
                0x0800b8cc       0x96 ./Drivers/STM32H7xx_HAL_Driver/Src/stm32h7xx_hal_sd.o
 .text.SD_WideBus_Disable
                0x0800b962       0x96 ./Drivers/STM32H7xx_HAL_Driver/Src/stm32h7xx_hal_sd.o
 .text.SD_FindSCR
                0x0800b9f8      0x1a0 ./Drivers/STM32H7xx_HAL_Driver/Src/stm32h7xx_hal_sd.o
 .text.HAL_UART_Init
                0x0800bb98       0xa0 ./Drivers/STM32H7xx_HAL_Driver/Src/stm32h7xx_hal_uart.o
                0x0800bb98                HAL_UART_Init
 .text.HAL_UART_Transmit
                0x0800bc38      0x11c ./Drivers/STM32H7xx_HAL_Driver/Src/stm32h7xx_hal_uart.o
                0x0800bc38                HAL_UART_Transmit
 .text.HAL_UART_Receive
                0x0800bd54      0x190 ./Drivers/STM32H7xx_HAL_Driver/Src/stm32h7xx_hal_uart.o
                0x0800bd54                HAL_UART_Receive
 .text.UART_SetConfig
                0x0800bee4      0xad0 ./Drivers/STM32H7xx_HAL_Driver/Src/stm32h7xx_hal_uart.o
                0x0800bee4                UART_SetConfig
 .text.UART_AdvFeatureConfig
                0x0800c9b4      0x144 ./Drivers/STM32H7xx_HAL_Driver/Src/stm32h7xx_hal_uart.o
                0x0800c9b4                UART_AdvFeatureConfig
 .text.UART_CheckIdleState
                0x0800caf8      0x154 ./Drivers/STM32H7xx_HAL_Driver/Src/stm32h7xx_hal_uart.o
                0x0800caf8                UART_CheckIdleState
 .text.UART_WaitOnFlagUntilTimeout
                0x0800cc4c       0xda ./Drivers/STM32H7xx_HAL_Driver/Src/stm32h7xx_hal_uart.o
                0x0800cc4c                UART_WaitOnFlagUntilTimeout
 *fill*         0x0800cd26        0x2 
 .text.UART_EndRxTransfer
                0x0800cd28       0xcc ./Drivers/STM32H7xx_HAL_Driver/Src/stm32h7xx_hal_uart.o
 .text.HAL_UARTEx_DisableFifoMode
                0x0800cdf4       0x72 ./Drivers/STM32H7xx_HAL_Driver/Src/stm32h7xx_hal_uart_ex.o
                0x0800cdf4                HAL_UARTEx_DisableFifoMode
 .text.HAL_UARTEx_SetTxFifoThreshold
                0x0800ce66       0x7c ./Drivers/STM32H7xx_HAL_Driver/Src/stm32h7xx_hal_uart_ex.o
                0x0800ce66                HAL_UARTEx_SetTxFifoThreshold
 .text.HAL_UARTEx_SetRxFifoThreshold
                0x0800cee2       0x7c ./Drivers/STM32H7xx_HAL_Driver/Src/stm32h7xx_hal_uart_ex.o
                0x0800cee2                HAL_UARTEx_SetRxFifoThreshold
 *fill*         0x0800cf5e        0x2 
 .text.UARTEx_SetNbDataToProcess
                0x0800cf60       0x9c ./Drivers/STM32H7xx_HAL_Driver/Src/stm32h7xx_hal_uart_ex.o
 .text.SDMMC_Init
                0x0800cffc       0x54 ./Drivers/STM32H7xx_HAL_Driver/Src/stm32h7xx_ll_sdmmc.o
                0x0800cffc                SDMMC_Init
 .text.SDMMC_ReadFIFO
                0x0800d050       0x1a ./Drivers/STM32H7xx_HAL_Driver/Src/stm32h7xx_ll_sdmmc.o
                0x0800d050                SDMMC_ReadFIFO
 .text.SDMMC_WriteFIFO
                0x0800d06a       0x22 ./Drivers/STM32H7xx_HAL_Driver/Src/stm32h7xx_ll_sdmmc.o
                0x0800d06a                SDMMC_WriteFIFO
 .text.SDMMC_PowerState_ON
                0x0800d08c       0x22 ./Drivers/STM32H7xx_HAL_Driver/Src/stm32h7xx_ll_sdmmc.o
                0x0800d08c                SDMMC_PowerState_ON
 .text.SDMMC_GetPowerState
                0x0800d0ae       0x1c ./Drivers/STM32H7xx_HAL_Driver/Src/stm32h7xx_ll_sdmmc.o
                0x0800d0ae                SDMMC_GetPowerState
 *fill*         0x0800d0ca        0x2 
 .text.SDMMC_SendCommand
                0x0800d0cc       0x54 ./Drivers/STM32H7xx_HAL_Driver/Src/stm32h7xx_ll_sdmmc.o
                0x0800d0cc                SDMMC_SendCommand
 .text.SDMMC_GetCommandResponse
                0x0800d120       0x1a ./Drivers/STM32H7xx_HAL_Driver/Src/stm32h7xx_ll_sdmmc.o
                0x0800d120                SDMMC_GetCommandResponse
 .text.SDMMC_GetResponse
                0x0800d13a       0x26 ./Drivers/STM32H7xx_HAL_Driver/Src/stm32h7xx_ll_sdmmc.o
                0x0800d13a                SDMMC_GetResponse
 .text.SDMMC_ConfigData
                0x0800d160       0x58 ./Drivers/STM32H7xx_HAL_Driver/Src/stm32h7xx_ll_sdmmc.o
                0x0800d160                SDMMC_ConfigData
 .text.SDMMC_CmdBlockLength
                0x0800d1b8       0x46 ./Drivers/STM32H7xx_HAL_Driver/Src/stm32h7xx_ll_sdmmc.o
                0x0800d1b8                SDMMC_CmdBlockLength
 .text.SDMMC_CmdReadSingleBlock
                0x0800d1fe       0x46 ./Drivers/STM32H7xx_HAL_Driver/Src/stm32h7xx_ll_sdmmc.o
                0x0800d1fe                SDMMC_CmdReadSingleBlock
 .text.SDMMC_CmdReadMultiBlock
                0x0800d244       0x46 ./Drivers/STM32H7xx_HAL_Driver/Src/stm32h7xx_ll_sdmmc.o
                0x0800d244                SDMMC_CmdReadMultiBlock
 .text.SDMMC_CmdWriteSingleBlock
                0x0800d28a       0x46 ./Drivers/STM32H7xx_HAL_Driver/Src/stm32h7xx_ll_sdmmc.o
                0x0800d28a                SDMMC_CmdWriteSingleBlock
 .text.SDMMC_CmdWriteMultiBlock
                0x0800d2d0       0x46 ./Drivers/STM32H7xx_HAL_Driver/Src/stm32h7xx_ll_sdmmc.o
                0x0800d2d0                SDMMC_CmdWriteMultiBlock
 *fill*         0x0800d316        0x2 
 .text.SDMMC_CmdStopTransfer
                0x0800d318       0x78 ./Drivers/STM32H7xx_HAL_Driver/Src/stm32h7xx_ll_sdmmc.o
                0x0800d318                SDMMC_CmdStopTransfer
 .text.SDMMC_CmdSelDesel
                0x0800d390       0x46 ./Drivers/STM32H7xx_HAL_Driver/Src/stm32h7xx_ll_sdmmc.o
                0x0800d390                SDMMC_CmdSelDesel
 .text.SDMMC_CmdGoIdleState
                0x0800d3d6       0x3c ./Drivers/STM32H7xx_HAL_Driver/Src/stm32h7xx_ll_sdmmc.o
                0x0800d3d6                SDMMC_CmdGoIdleState
 .text.SDMMC_CmdOperCond
                0x0800d412       0x40 ./Drivers/STM32H7xx_HAL_Driver/Src/stm32h7xx_ll_sdmmc.o
                0x0800d412                SDMMC_CmdOperCond
 .text.SDMMC_CmdAppCommand
                0x0800d452       0x46 ./Drivers/STM32H7xx_HAL_Driver/Src/stm32h7xx_ll_sdmmc.o
                0x0800d452                SDMMC_CmdAppCommand
 .text.SDMMC_CmdAppOperCommand
                0x0800d498       0x40 ./Drivers/STM32H7xx_HAL_Driver/Src/stm32h7xx_ll_sdmmc.o
                0x0800d498                SDMMC_CmdAppOperCommand
 .text.SDMMC_CmdBusWidth
                0x0800d4d8       0x46 ./Drivers/STM32H7xx_HAL_Driver/Src/stm32h7xx_ll_sdmmc.o
                0x0800d4d8                SDMMC_CmdBusWidth
 .text.SDMMC_CmdSendSCR
                0x0800d51e       0x44 ./Drivers/STM32H7xx_HAL_Driver/Src/stm32h7xx_ll_sdmmc.o
                0x0800d51e                SDMMC_CmdSendSCR
 .text.SDMMC_CmdSendCID
                0x0800d562       0x3e ./Drivers/STM32H7xx_HAL_Driver/Src/stm32h7xx_ll_sdmmc.o
                0x0800d562                SDMMC_CmdSendCID
 .text.SDMMC_CmdSendCSD
                0x0800d5a0       0x40 ./Drivers/STM32H7xx_HAL_Driver/Src/stm32h7xx_ll_sdmmc.o
                0x0800d5a0                SDMMC_CmdSendCSD
 .text.SDMMC_CmdSetRelAdd
                0x0800d5e0       0x44 ./Drivers/STM32H7xx_HAL_Driver/Src/stm32h7xx_ll_sdmmc.o
                0x0800d5e0                SDMMC_CmdSetRelAdd
 .text.SDMMC_CmdSendStatus
                0x0800d624       0x46 ./Drivers/STM32H7xx_HAL_Driver/Src/stm32h7xx_ll_sdmmc.o
                0x0800d624                SDMMC_CmdSendStatus
 .text.SDMMC_CmdStatusRegister
                0x0800d66a       0x44 ./Drivers/STM32H7xx_HAL_Driver/Src/stm32h7xx_ll_sdmmc.o
                0x0800d66a                SDMMC_CmdStatusRegister
 *fill*         0x0800d6ae        0x2 
 .text.SDMMC_GetCmdResp1
                0x0800d6b0      0x1e4 ./Drivers/STM32H7xx_HAL_Driver/Src/stm32h7xx_ll_sdmmc.o
                0x0800d6b0                SDMMC_GetCmdResp1
 .text.SDMMC_GetCmdResp2
                0x0800d894       0x94 ./Drivers/STM32H7xx_HAL_Driver/Src/stm32h7xx_ll_sdmmc.o
                0x0800d894                SDMMC_GetCmdResp2
 .text.SDMMC_GetCmdResp3
                0x0800d928       0x80 ./Drivers/STM32H7xx_HAL_Driver/Src/stm32h7xx_ll_sdmmc.o
                0x0800d928                SDMMC_GetCmdResp3
 .text.SDMMC_GetCmdResp6
                0x0800d9a8       0xf0 ./Drivers/STM32H7xx_HAL_Driver/Src/stm32h7xx_ll_sdmmc.o
                0x0800d9a8                SDMMC_GetCmdResp6
 .text.SDMMC_GetCmdResp7
                0x0800da98       0x9c ./Drivers/STM32H7xx_HAL_Driver/Src/stm32h7xx_ll_sdmmc.o
                0x0800da98                SDMMC_GetCmdResp7
 .text.SDMMC_GetCmdError
                0x0800db34       0x5c ./Drivers/STM32H7xx_HAL_Driver/Src/stm32h7xx_ll_sdmmc.o
 .text.MX_FATFS_Init
                0x0800db90       0x24 ./FATFS/App/fatfs.o
                0x0800db90                MX_FATFS_Init
 .text.get_fattime
                0x0800dbb4       0x10 ./FATFS/App/fatfs.o
                0x0800dbb4                get_fattime
 .text.BSP_SD_Init
                0x0800dbc4       0x4c ./FATFS/Target/bsp_driver_sd.o
                0x0800dbc4                BSP_SD_Init
 .text.BSP_SD_ReadBlocks
                0x0800dc10       0x3c ./FATFS/Target/bsp_driver_sd.o
                0x0800dc10                BSP_SD_ReadBlocks
 .text.BSP_SD_WriteBlocks
                0x0800dc4c       0x3c ./FATFS/Target/bsp_driver_sd.o
                0x0800dc4c                BSP_SD_WriteBlocks
 .text.BSP_SD_GetCardState
                0x0800dc88       0x20 ./FATFS/Target/bsp_driver_sd.o
                0x0800dc88                BSP_SD_GetCardState
 .text.BSP_SD_GetCardInfo
                0x0800dca8       0x1c ./FATFS/Target/bsp_driver_sd.o
                0x0800dca8                BSP_SD_GetCardInfo
 .text.BSP_SD_IsDetected
                0x0800dcc4       0x24 ./FATFS/Target/bsp_driver_sd.o
                0x0800dcc4                BSP_SD_IsDetected
 .text.BSP_PlatformIsDetected
                0x0800dce8       0x2c ./FATFS/Target/fatfs_platform.o
                0x0800dce8                BSP_PlatformIsDetected
 .text.SD_CheckStatus
                0x0800dd14       0x3c ./FATFS/Target/sd_diskio.o
 .text.SD_initialize
                0x0800dd50       0x3c ./FATFS/Target/sd_diskio.o
                0x0800dd50                SD_initialize
 .text.SD_status
                0x0800dd8c       0x1c ./FATFS/Target/sd_diskio.o
                0x0800dd8c                SD_status
 .text.SD_read  0x0800dda8       0x42 ./FATFS/Target/sd_diskio.o
                0x0800dda8                SD_read
 .text.SD_write
                0x0800ddea       0x42 ./FATFS/Target/sd_diskio.o
                0x0800ddea                SD_write
 .text.SD_ioctl
                0x0800de2c       0xb0 ./FATFS/Target/sd_diskio.o
                0x0800de2c                SD_ioctl
 .text.disk_status
                0x0800dedc       0x34 ./Middlewares/Third_Party/FatFs/src/diskio.o
                0x0800dedc                disk_status
 .text.disk_initialize
                0x0800df10       0x50 ./Middlewares/Third_Party/FatFs/src/diskio.o
                0x0800df10                disk_initialize
 .text.disk_read
                0x0800df60       0x40 ./Middlewares/Third_Party/FatFs/src/diskio.o
                0x0800df60                disk_read
 .text.disk_write
                0x0800dfa0       0x40 ./Middlewares/Third_Party/FatFs/src/diskio.o
                0x0800dfa0                disk_write
 .text.ld_word  0x0800dfe0       0x32 ./Middlewares/Third_Party/FatFs/src/ff.o
 .text.ld_dword
                0x0800e012       0x46 ./Middlewares/Third_Party/FatFs/src/ff.o
 .text.st_word  0x0800e058       0x36 ./Middlewares/Third_Party/FatFs/src/ff.o
 .text.st_dword
                0x0800e08e       0x58 ./Middlewares/Third_Party/FatFs/src/ff.o
 .text.mem_cpy  0x0800e0e6       0x42 ./Middlewares/Third_Party/FatFs/src/ff.o
 .text.mem_set  0x0800e128       0x36 ./Middlewares/Third_Party/FatFs/src/ff.o
 .text.mem_cmp  0x0800e15e       0x4e ./Middlewares/Third_Party/FatFs/src/ff.o
 .text.chk_chr  0x0800e1ac       0x36 ./Middlewares/Third_Party/FatFs/src/ff.o
 *fill*         0x0800e1e2        0x2 
 .text.chk_lock
                0x0800e1e4       0xb8 ./Middlewares/Third_Party/FatFs/src/ff.o
 .text.enq_lock
                0x0800e29c       0x44 ./Middlewares/Third_Party/FatFs/src/ff.o
 .text.inc_lock
                0x0800e2e0      0x11c ./Middlewares/Third_Party/FatFs/src/ff.o
 .text.clear_lock
                0x0800e3fc       0x48 ./Middlewares/Third_Party/FatFs/src/ff.o
 .text.sync_window
                0x0800e444       0x88 ./Middlewares/Third_Party/FatFs/src/ff.o
 .text.move_window
                0x0800e4cc       0x5a ./Middlewares/Third_Party/FatFs/src/ff.o
 .text.clust2sect
                0x0800e526       0x3e ./Middlewares/Third_Party/FatFs/src/ff.o
 .text.get_fat  0x0800e564      0x14e ./Middlewares/Third_Party/FatFs/src/ff.o
 .text.put_fat  0x0800e6b2      0x1d4 ./Middlewares/Third_Party/FatFs/src/ff.o
 .text.remove_chain
                0x0800e886       0xca ./Middlewares/Third_Party/FatFs/src/ff.o
 .text.create_chain
                0x0800e950      0x130 ./Middlewares/Third_Party/FatFs/src/ff.o
 .text.clmt_clust
                0x0800ea80       0x68 ./Middlewares/Third_Party/FatFs/src/ff.o
 .text.dir_sdi  0x0800eae8       0xf6 ./Middlewares/Third_Party/FatFs/src/ff.o
 .text.dir_next
                0x0800ebde      0x18a ./Middlewares/Third_Party/FatFs/src/ff.o
 .text.dir_alloc
                0x0800ed68       0x8e ./Middlewares/Third_Party/FatFs/src/ff.o
 .text.ld_clust
                0x0800edf6       0x3e ./Middlewares/Third_Party/FatFs/src/ff.o
 .text.st_clust
                0x0800ee34       0x40 ./Middlewares/Third_Party/FatFs/src/ff.o
 .text.cmp_lfn  0x0800ee74       0xe0 ./Middlewares/Third_Party/FatFs/src/ff.o
 .text.pick_lfn
                0x0800ef54       0xc8 ./Middlewares/Third_Party/FatFs/src/ff.o
 .text.put_lfn  0x0800f01c       0xd0 ./Middlewares/Third_Party/FatFs/src/ff.o
 .text.gen_numname
                0x0800f0ec      0x148 ./Middlewares/Third_Party/FatFs/src/ff.o
 .text.sum_sfn  0x0800f234       0x42 ./Middlewares/Third_Party/FatFs/src/ff.o
 .text.dir_read
                0x0800f276      0x14e ./Middlewares/Third_Party/FatFs/src/ff.o
 .text.dir_find
                0x0800f3c4      0x180 ./Middlewares/Third_Party/FatFs/src/ff.o
 .text.dir_register
                0x0800f544      0x1f0 ./Middlewares/Third_Party/FatFs/src/ff.o
 .text.get_fileinfo
                0x0800f734      0x1d8 ./Middlewares/Third_Party/FatFs/src/ff.o
 .text.create_name
                0x0800f90c      0x3f4 ./Middlewares/Third_Party/FatFs/src/ff.o
 .text.follow_path
                0x0800fd00       0xe2 ./Middlewares/Third_Party/FatFs/src/ff.o
 .text.get_ldnumber
                0x0800fde2       0x88 ./Middlewares/Third_Party/FatFs/src/ff.o
 *fill*         0x0800fe6a        0x2 
 .text.check_fs
                0x0800fe6c       0xac ./Middlewares/Third_Party/FatFs/src/ff.o
 .text.find_volume
                0x0800ff18      0x4a0 ./Middlewares/Third_Party/FatFs/src/ff.o
 .text.validate
                0x080103b8       0x6a ./Middlewares/Third_Party/FatFs/src/ff.o
 *fill*         0x08010422        0x2 
 .text.f_mount  0x08010424       0x8c ./Middlewares/Third_Party/FatFs/src/ff.o
                0x08010424                f_mount
 .text.f_open   0x080104b0      0x374 ./Middlewares/Third_Party/FatFs/src/ff.o
                0x080104b0                f_open
 .text.f_read   0x08010824      0x27e ./Middlewares/Third_Party/FatFs/src/ff.o
                0x08010824                f_read
 .text.f_lseek  0x08010aa2      0x412 ./Middlewares/Third_Party/FatFs/src/ff.o
                0x08010aa2                f_lseek
 .text.f_opendir
                0x08010eb4       0xe6 ./Middlewares/Third_Party/FatFs/src/ff.o
                0x08010eb4                f_opendir
 .text.f_readdir
                0x08010f9a       0x7a ./Middlewares/Third_Party/FatFs/src/ff.o
                0x08010f9a                f_readdir
 .text.FATFS_LinkDriverEx
                0x08011014       0x98 ./Middlewares/Third_Party/FatFs/src/ff_gen_drv.o
                0x08011014                FATFS_LinkDriverEx
 .text.FATFS_LinkDriver
                0x080110ac       0x1e ./Middlewares/Third_Party/FatFs/src/ff_gen_drv.o
                0x080110ac                FATFS_LinkDriver
 *fill*         0x080110ca        0x2 
 .text.ff_convert
                0x080110cc       0xbc ./Middlewares/Third_Party/FatFs/src/option/cc936.o
                0x080110cc                ff_convert
 .text.ff_wtoupper
                0x08011188      0x114 ./Middlewares/Third_Party/FatFs/src/option/cc936.o
                0x08011188                ff_wtoupper
 .text.std      0x0801129c       0x6c D:/ST/STM32CubeIDE/plugins/com.st.stm32cube.ide.mcu.externaltools.gnu-tools-for-stm32.13.3.rel1.win32_1.0.0.202411081344/tools/bin/../lib/gcc/arm-none-eabi/13.3.1/../../../../arm-none-eabi/lib/thumb/v7e-m+dp/hard\libc_nano.a(libc_a-findfp.o)
 .text.stdio_exit_handler
                0x08011308       0x18 D:/ST/STM32CubeIDE/plugins/com.st.stm32cube.ide.mcu.externaltools.gnu-tools-for-stm32.13.3.rel1.win32_1.0.0.202411081344/tools/bin/../lib/gcc/arm-none-eabi/13.3.1/../../../../arm-none-eabi/lib/thumb/v7e-m+dp/hard\libc_nano.a(libc_a-findfp.o)
 .text.cleanup_stdio
                0x08011320       0x40 D:/ST/STM32CubeIDE/plugins/com.st.stm32cube.ide.mcu.externaltools.gnu-tools-for-stm32.13.3.rel1.win32_1.0.0.202411081344/tools/bin/../lib/gcc/arm-none-eabi/13.3.1/../../../../arm-none-eabi/lib/thumb/v7e-m+dp/hard\libc_nano.a(libc_a-findfp.o)
 .text.global_stdio_init.part.0
                0x08011360       0x3c D:/ST/STM32CubeIDE/plugins/com.st.stm32cube.ide.mcu.externaltools.gnu-tools-for-stm32.13.3.rel1.win32_1.0.0.202411081344/tools/bin/../lib/gcc/arm-none-eabi/13.3.1/../../../../arm-none-eabi/lib/thumb/v7e-m+dp/hard\libc_nano.a(libc_a-findfp.o)
 .text.__sfp_lock_acquire
                0x0801139c        0xc D:/ST/STM32CubeIDE/plugins/com.st.stm32cube.ide.mcu.externaltools.gnu-tools-for-stm32.13.3.rel1.win32_1.0.0.202411081344/tools/bin/../lib/gcc/arm-none-eabi/13.3.1/../../../../arm-none-eabi/lib/thumb/v7e-m+dp/hard\libc_nano.a(libc_a-findfp.o)
                0x0801139c                __sfp_lock_acquire
 .text.__sfp_lock_release
                0x080113a8        0xc D:/ST/STM32CubeIDE/plugins/com.st.stm32cube.ide.mcu.externaltools.gnu-tools-for-stm32.13.3.rel1.win32_1.0.0.202411081344/tools/bin/../lib/gcc/arm-none-eabi/13.3.1/../../../../arm-none-eabi/lib/thumb/v7e-m+dp/hard\libc_nano.a(libc_a-findfp.o)
                0x080113a8                __sfp_lock_release
 .text.__sinit  0x080113b4       0x30 D:/ST/STM32CubeIDE/plugins/com.st.stm32cube.ide.mcu.externaltools.gnu-tools-for-stm32.13.3.rel1.win32_1.0.0.202411081344/tools/bin/../lib/gcc/arm-none-eabi/13.3.1/../../../../arm-none-eabi/lib/thumb/v7e-m+dp/hard\libc_nano.a(libc_a-findfp.o)
                0x080113b4                __sinit
 .text._fwalk_sglue
                0x080113e4       0x3c D:/ST/STM32CubeIDE/plugins/com.st.stm32cube.ide.mcu.externaltools.gnu-tools-for-stm32.13.3.rel1.win32_1.0.0.202411081344/tools/bin/../lib/gcc/arm-none-eabi/13.3.1/../../../../arm-none-eabi/lib/thumb/v7e-m+dp/hard\libc_nano.a(libc_a-fwalk.o)
                0x080113e4                _fwalk_sglue
 .text.printf   0x08011420       0x24 D:/ST/STM32CubeIDE/plugins/com.st.stm32cube.ide.mcu.externaltools.gnu-tools-for-stm32.13.3.rel1.win32_1.0.0.202411081344/tools/bin/../lib/gcc/arm-none-eabi/13.3.1/../../../../arm-none-eabi/lib/thumb/v7e-m+dp/hard\libc_nano.a(libc_a-printf.o)
                0x08011420                iprintf
                0x08011420                printf
 .text._puts_r  0x08011444       0xaa D:/ST/STM32CubeIDE/plugins/com.st.stm32cube.ide.mcu.externaltools.gnu-tools-for-stm32.13.3.rel1.win32_1.0.0.202411081344/tools/bin/../lib/gcc/arm-none-eabi/13.3.1/../../../../arm-none-eabi/lib/thumb/v7e-m+dp/hard\libc_nano.a(libc_a-puts.o)
                0x08011444                _puts_r
 *fill*         0x080114ee        0x2 
 .text.puts     0x080114f0       0x10 D:/ST/STM32CubeIDE/plugins/com.st.stm32cube.ide.mcu.externaltools.gnu-tools-for-stm32.13.3.rel1.win32_1.0.0.202411081344/tools/bin/../lib/gcc/arm-none-eabi/13.3.1/../../../../arm-none-eabi/lib/thumb/v7e-m+dp/hard\libc_nano.a(libc_a-puts.o)
                0x080114f0                puts
 .text.setvbuf  0x08011500      0x168 D:/ST/STM32CubeIDE/plugins/com.st.stm32cube.ide.mcu.externaltools.gnu-tools-for-stm32.13.3.rel1.win32_1.0.0.202411081344/tools/bin/../lib/gcc/arm-none-eabi/13.3.1/../../../../arm-none-eabi/lib/thumb/v7e-m+dp/hard\libc_nano.a(libc_a-setvbuf.o)
                0x08011500                setvbuf
 .text.__sread  0x08011668       0x22 D:/ST/STM32CubeIDE/plugins/com.st.stm32cube.ide.mcu.externaltools.gnu-tools-for-stm32.13.3.rel1.win32_1.0.0.202411081344/tools/bin/../lib/gcc/arm-none-eabi/13.3.1/../../../../arm-none-eabi/lib/thumb/v7e-m+dp/hard\libc_nano.a(libc_a-stdio.o)
                0x08011668                __sread
 .text.__swrite
                0x0801168a       0x38 D:/ST/STM32CubeIDE/plugins/com.st.stm32cube.ide.mcu.externaltools.gnu-tools-for-stm32.13.3.rel1.win32_1.0.0.202411081344/tools/bin/../lib/gcc/arm-none-eabi/13.3.1/../../../../arm-none-eabi/lib/thumb/v7e-m+dp/hard\libc_nano.a(libc_a-stdio.o)
                0x0801168a                __swrite
 .text.__sseek  0x080116c2       0x24 D:/ST/STM32CubeIDE/plugins/com.st.stm32cube.ide.mcu.externaltools.gnu-tools-for-stm32.13.3.rel1.win32_1.0.0.202411081344/tools/bin/../lib/gcc/arm-none-eabi/13.3.1/../../../../arm-none-eabi/lib/thumb/v7e-m+dp/hard\libc_nano.a(libc_a-stdio.o)
                0x080116c2                __sseek
 .text.__sclose
                0x080116e6        0x8 D:/ST/STM32CubeIDE/plugins/com.st.stm32cube.ide.mcu.externaltools.gnu-tools-for-stm32.13.3.rel1.win32_1.0.0.202411081344/tools/bin/../lib/gcc/arm-none-eabi/13.3.1/../../../../arm-none-eabi/lib/thumb/v7e-m+dp/hard\libc_nano.a(libc_a-stdio.o)
                0x080116e6                __sclose
 .text.__swbuf_r
                0x080116ee       0x7c D:/ST/STM32CubeIDE/plugins/com.st.stm32cube.ide.mcu.externaltools.gnu-tools-for-stm32.13.3.rel1.win32_1.0.0.202411081344/tools/bin/../lib/gcc/arm-none-eabi/13.3.1/../../../../arm-none-eabi/lib/thumb/v7e-m+dp/hard\libc_nano.a(libc_a-wbuf.o)
                0x080116ee                __swbuf_r
 *fill*         0x0801176a        0x2 
 .text.__swsetup_r
                0x0801176c       0xac D:/ST/STM32CubeIDE/plugins/com.st.stm32cube.ide.mcu.externaltools.gnu-tools-for-stm32.13.3.rel1.win32_1.0.0.202411081344/tools/bin/../lib/gcc/arm-none-eabi/13.3.1/../../../../arm-none-eabi/lib/thumb/v7e-m+dp/hard\libc_nano.a(libc_a-wsetup.o)
                0x0801176c                __swsetup_r
 .text.memset   0x08011818       0x10 D:/ST/STM32CubeIDE/plugins/com.st.stm32cube.ide.mcu.externaltools.gnu-tools-for-stm32.13.3.rel1.win32_1.0.0.202411081344/tools/bin/../lib/gcc/arm-none-eabi/13.3.1/../../../../arm-none-eabi/lib/thumb/v7e-m+dp/hard\libc_nano.a(libc_a-memset.o)
                0x08011818                memset
 .text._close_r
                0x08011828       0x20 D:/ST/STM32CubeIDE/plugins/com.st.stm32cube.ide.mcu.externaltools.gnu-tools-for-stm32.13.3.rel1.win32_1.0.0.202411081344/tools/bin/../lib/gcc/arm-none-eabi/13.3.1/../../../../arm-none-eabi/lib/thumb/v7e-m+dp/hard\libc_nano.a(libc_a-closer.o)
                0x08011828                _close_r
 .text._lseek_r
                0x08011848       0x24 D:/ST/STM32CubeIDE/plugins/com.st.stm32cube.ide.mcu.externaltools.gnu-tools-for-stm32.13.3.rel1.win32_1.0.0.202411081344/tools/bin/../lib/gcc/arm-none-eabi/13.3.1/../../../../arm-none-eabi/lib/thumb/v7e-m+dp/hard\libc_nano.a(libc_a-lseekr.o)
                0x08011848                _lseek_r
 .text._read_r  0x0801186c       0x24 D:/ST/STM32CubeIDE/plugins/com.st.stm32cube.ide.mcu.externaltools.gnu-tools-for-stm32.13.3.rel1.win32_1.0.0.202411081344/tools/bin/../lib/gcc/arm-none-eabi/13.3.1/../../../../arm-none-eabi/lib/thumb/v7e-m+dp/hard\libc_nano.a(libc_a-readr.o)
                0x0801186c                _read_r
 .text._write_r
                0x08011890       0x24 D:/ST/STM32CubeIDE/plugins/com.st.stm32cube.ide.mcu.externaltools.gnu-tools-for-stm32.13.3.rel1.win32_1.0.0.202411081344/tools/bin/../lib/gcc/arm-none-eabi/13.3.1/../../../../arm-none-eabi/lib/thumb/v7e-m+dp/hard\libc_nano.a(libc_a-writer.o)
                0x08011890                _write_r
 .text.__errno  0x080118b4        0xc D:/ST/STM32CubeIDE/plugins/com.st.stm32cube.ide.mcu.externaltools.gnu-tools-for-stm32.13.3.rel1.win32_1.0.0.202411081344/tools/bin/../lib/gcc/arm-none-eabi/13.3.1/../../../../arm-none-eabi/lib/thumb/v7e-m+dp/hard\libc_nano.a(libc_a-errno.o)
                0x080118b4                __errno
 .text.__libc_init_array
                0x080118c0       0x48 D:/ST/STM32CubeIDE/plugins/com.st.stm32cube.ide.mcu.externaltools.gnu-tools-for-stm32.13.3.rel1.win32_1.0.0.202411081344/tools/bin/../lib/gcc/arm-none-eabi/13.3.1/../../../../arm-none-eabi/lib/thumb/v7e-m+dp/hard\libc_nano.a(libc_a-init.o)
                0x080118c0                __libc_init_array
 .text.__retarget_lock_init_recursive
                0x08011908        0x2 D:/ST/STM32CubeIDE/plugins/com.st.stm32cube.ide.mcu.externaltools.gnu-tools-for-stm32.13.3.rel1.win32_1.0.0.202411081344/tools/bin/../lib/gcc/arm-none-eabi/13.3.1/../../../../arm-none-eabi/lib/thumb/v7e-m+dp/hard\libc_nano.a(libc_a-lock.o)
                0x08011908                __retarget_lock_init_recursive
 .text.__retarget_lock_acquire_recursive
                0x0801190a        0x2 D:/ST/STM32CubeIDE/plugins/com.st.stm32cube.ide.mcu.externaltools.gnu-tools-for-stm32.13.3.rel1.win32_1.0.0.202411081344/tools/bin/../lib/gcc/arm-none-eabi/13.3.1/../../../../arm-none-eabi/lib/thumb/v7e-m+dp/hard\libc_nano.a(libc_a-lock.o)
                0x0801190a                __retarget_lock_acquire_recursive
 .text.__retarget_lock_release_recursive
                0x0801190c        0x2 D:/ST/STM32CubeIDE/plugins/com.st.stm32cube.ide.mcu.externaltools.gnu-tools-for-stm32.13.3.rel1.win32_1.0.0.202411081344/tools/bin/../lib/gcc/arm-none-eabi/13.3.1/../../../../arm-none-eabi/lib/thumb/v7e-m+dp/hard\libc_nano.a(libc_a-lock.o)
                0x0801190c                __retarget_lock_release_recursive
 .text.memcpy   0x0801190e       0x1c D:/ST/STM32CubeIDE/plugins/com.st.stm32cube.ide.mcu.externaltools.gnu-tools-for-stm32.13.3.rel1.win32_1.0.0.202411081344/tools/bin/../lib/gcc/arm-none-eabi/13.3.1/../../../../arm-none-eabi/lib/thumb/v7e-m+dp/hard\libc_nano.a(libc_a-memcpy-stub.o)
                0x0801190e                memcpy
 *fill*         0x0801192a        0x2 
 .text._free_r  0x0801192c       0x94 D:/ST/STM32CubeIDE/plugins/com.st.stm32cube.ide.mcu.externaltools.gnu-tools-for-stm32.13.3.rel1.win32_1.0.0.202411081344/tools/bin/../lib/gcc/arm-none-eabi/13.3.1/../../../../arm-none-eabi/lib/thumb/v7e-m+dp/hard\libc_nano.a(libc_a-freer.o)
                0x0801192c                _free_r
 .text.malloc   0x080119c0       0x10 D:/ST/STM32CubeIDE/plugins/com.st.stm32cube.ide.mcu.externaltools.gnu-tools-for-stm32.13.3.rel1.win32_1.0.0.202411081344/tools/bin/../lib/gcc/arm-none-eabi/13.3.1/../../../../arm-none-eabi/lib/thumb/v7e-m+dp/hard\libc_nano.a(libc_a-malloc.o)
                0x080119c0                malloc
 .text.sbrk_aligned
                0x080119d0       0x44 D:/ST/STM32CubeIDE/plugins/com.st.stm32cube.ide.mcu.externaltools.gnu-tools-for-stm32.13.3.rel1.win32_1.0.0.202411081344/tools/bin/../lib/gcc/arm-none-eabi/13.3.1/../../../../arm-none-eabi/lib/thumb/v7e-m+dp/hard\libc_nano.a(libc_a-mallocr.o)
 .text._malloc_r
                0x08011a14      0x100 D:/ST/STM32CubeIDE/plugins/com.st.stm32cube.ide.mcu.externaltools.gnu-tools-for-stm32.13.3.rel1.win32_1.0.0.202411081344/tools/bin/../lib/gcc/arm-none-eabi/13.3.1/../../../../arm-none-eabi/lib/thumb/v7e-m+dp/hard\libc_nano.a(libc_a-mallocr.o)
                0x08011a14                _malloc_r
 .text.__malloc_lock
                0x08011b14        0xc D:/ST/STM32CubeIDE/plugins/com.st.stm32cube.ide.mcu.externaltools.gnu-tools-for-stm32.13.3.rel1.win32_1.0.0.202411081344/tools/bin/../lib/gcc/arm-none-eabi/13.3.1/../../../../arm-none-eabi/lib/thumb/v7e-m+dp/hard\libc_nano.a(libc_a-mlock.o)
                0x08011b14                __malloc_lock
 .text.__malloc_unlock
                0x08011b20        0xc D:/ST/STM32CubeIDE/plugins/com.st.stm32cube.ide.mcu.externaltools.gnu-tools-for-stm32.13.3.rel1.win32_1.0.0.202411081344/tools/bin/../lib/gcc/arm-none-eabi/13.3.1/../../../../arm-none-eabi/lib/thumb/v7e-m+dp/hard\libc_nano.a(libc_a-mlock.o)
                0x08011b20                __malloc_unlock
 .text.__sfputc_r
                0x08011b2c       0x2e D:/ST/STM32CubeIDE/plugins/com.st.stm32cube.ide.mcu.externaltools.gnu-tools-for-stm32.13.3.rel1.win32_1.0.0.202411081344/tools/bin/../lib/gcc/arm-none-eabi/13.3.1/../../../../arm-none-eabi/lib/thumb/v7e-m+dp/hard\libc_nano.a(libc_a-nano-vfprintf.o)
 .text.__sfputs_r
                0x08011b5a       0x24 D:/ST/STM32CubeIDE/plugins/com.st.stm32cube.ide.mcu.externaltools.gnu-tools-for-stm32.13.3.rel1.win32_1.0.0.202411081344/tools/bin/../lib/gcc/arm-none-eabi/13.3.1/../../../../arm-none-eabi/lib/thumb/v7e-m+dp/hard\libc_nano.a(libc_a-nano-vfprintf.o)
                0x08011b5a                __sfputs_r
 *fill*         0x08011b7e        0x2 
 .text._vfprintf_r
                0x08011b80      0x230 D:/ST/STM32CubeIDE/plugins/com.st.stm32cube.ide.mcu.externaltools.gnu-tools-for-stm32.13.3.rel1.win32_1.0.0.202411081344/tools/bin/../lib/gcc/arm-none-eabi/13.3.1/../../../../arm-none-eabi/lib/thumb/v7e-m+dp/hard\libc_nano.a(libc_a-nano-vfprintf.o)
                0x08011b80                _vfprintf_r
                0x08011b80                _vfiprintf_r
 .text._printf_common
                0x08011db0       0xda D:/ST/STM32CubeIDE/plugins/com.st.stm32cube.ide.mcu.externaltools.gnu-tools-for-stm32.13.3.rel1.win32_1.0.0.202411081344/tools/bin/../lib/gcc/arm-none-eabi/13.3.1/../../../../arm-none-eabi/lib/thumb/v7e-m+dp/hard\libc_nano.a(libc_a-nano-vfprintf_i.o)
                0x08011db0                _printf_common
 *fill*         0x08011e8a        0x2 
 .text._printf_i
                0x08011e8c      0x23c D:/ST/STM32CubeIDE/plugins/com.st.stm32cube.ide.mcu.externaltools.gnu-tools-for-stm32.13.3.rel1.win32_1.0.0.202411081344/tools/bin/../lib/gcc/arm-none-eabi/13.3.1/../../../../arm-none-eabi/lib/thumb/v7e-m+dp/hard\libc_nano.a(libc_a-nano-vfprintf_i.o)
                0x08011e8c                _printf_i
 .text.__sflush_r
                0x080120c8      0x108 D:/ST/STM32CubeIDE/plugins/com.st.stm32cube.ide.mcu.externaltools.gnu-tools-for-stm32.13.3.rel1.win32_1.0.0.202411081344/tools/bin/../lib/gcc/arm-none-eabi/13.3.1/../../../../arm-none-eabi/lib/thumb/v7e-m+dp/hard\libc_nano.a(libc_a-fflush.o)
                0x080120c8                __sflush_r
 .text._fflush_r
                0x080121d0       0x50 D:/ST/STM32CubeIDE/plugins/com.st.stm32cube.ide.mcu.externaltools.gnu-tools-for-stm32.13.3.rel1.win32_1.0.0.202411081344/tools/bin/../lib/gcc/arm-none-eabi/13.3.1/../../../../arm-none-eabi/lib/thumb/v7e-m+dp/hard\libc_nano.a(libc_a-fflush.o)
                0x080121d0                _fflush_r
 .text.__swhatbuf_r
                0x08012220       0x4c D:/ST/STM32CubeIDE/plugins/com.st.stm32cube.ide.mcu.externaltools.gnu-tools-for-stm32.13.3.rel1.win32_1.0.0.202411081344/tools/bin/../lib/gcc/arm-none-eabi/13.3.1/../../../../arm-none-eabi/lib/thumb/v7e-m+dp/hard\libc_nano.a(libc_a-makebuf.o)
                0x08012220                __swhatbuf_r
 .text.__smakebuf_r
                0x0801226c       0x78 D:/ST/STM32CubeIDE/plugins/com.st.stm32cube.ide.mcu.externaltools.gnu-tools-for-stm32.13.3.rel1.win32_1.0.0.202411081344/tools/bin/../lib/gcc/arm-none-eabi/13.3.1/../../../../arm-none-eabi/lib/thumb/v7e-m+dp/hard\libc_nano.a(libc_a-makebuf.o)
                0x0801226c                __smakebuf_r
 .text._fstat_r
                0x080122e4       0x24 D:/ST/STM32CubeIDE/plugins/com.st.stm32cube.ide.mcu.externaltools.gnu-tools-for-stm32.13.3.rel1.win32_1.0.0.202411081344/tools/bin/../lib/gcc/arm-none-eabi/13.3.1/../../../../arm-none-eabi/lib/thumb/v7e-m+dp/hard\libc_nano.a(libc_a-fstatr.o)
                0x080122e4                _fstat_r
 .text._isatty_r
                0x08012308       0x20 D:/ST/STM32CubeIDE/plugins/com.st.stm32cube.ide.mcu.externaltools.gnu-tools-for-stm32.13.3.rel1.win32_1.0.0.202411081344/tools/bin/../lib/gcc/arm-none-eabi/13.3.1/../../../../arm-none-eabi/lib/thumb/v7e-m+dp/hard\libc_nano.a(libc_a-isattyr.o)
                0x08012308                _isatty_r
 .text._sbrk_r  0x08012328       0x20 D:/ST/STM32CubeIDE/plugins/com.st.stm32cube.ide.mcu.externaltools.gnu-tools-for-stm32.13.3.rel1.win32_1.0.0.202411081344/tools/bin/../lib/gcc/arm-none-eabi/13.3.1/../../../../arm-none-eabi/lib/thumb/v7e-m+dp/hard\libc_nano.a(libc_a-sbrkr.o)
                0x08012328                _sbrk_r
 *(.glue_7)
 .glue_7        0x08012348        0x0 linker stubs
 *(.glue_7t)
 .glue_7t       0x08012348        0x0 linker stubs
 *(.eh_frame)
 .eh_frame      0x08012348        0x0 D:/ST/STM32CubeIDE/plugins/com.st.stm32cube.ide.mcu.externaltools.gnu-tools-for-stm32.13.3.rel1.win32_1.0.0.202411081344/tools/bin/../lib/gcc/arm-none-eabi/13.3.1/thumb/v7e-m+dp/hard/crtbegin.o
 *(.init)
 .init          0x08012348        0x4 D:/ST/STM32CubeIDE/plugins/com.st.stm32cube.ide.mcu.externaltools.gnu-tools-for-stm32.13.3.rel1.win32_1.0.0.202411081344/tools/bin/../lib/gcc/arm-none-eabi/13.3.1/thumb/v7e-m+dp/hard/crti.o
                0x08012348                _init
 .init          0x0801234c        0x8 D:/ST/STM32CubeIDE/plugins/com.st.stm32cube.ide.mcu.externaltools.gnu-tools-for-stm32.13.3.rel1.win32_1.0.0.202411081344/tools/bin/../lib/gcc/arm-none-eabi/13.3.1/thumb/v7e-m+dp/hard/crtn.o
 *(.fini)
 .fini          0x08012354        0x4 D:/ST/STM32CubeIDE/plugins/com.st.stm32cube.ide.mcu.externaltools.gnu-tools-for-stm32.13.3.rel1.win32_1.0.0.202411081344/tools/bin/../lib/gcc/arm-none-eabi/13.3.1/thumb/v7e-m+dp/hard/crti.o
                0x08012354                _fini
 .fini          0x08012358        0x8 D:/ST/STM32CubeIDE/plugins/com.st.stm32cube.ide.mcu.externaltools.gnu-tools-for-stm32.13.3.rel1.win32_1.0.0.202411081344/tools/bin/../lib/gcc/arm-none-eabi/13.3.1/thumb/v7e-m+dp/hard/crtn.o
                0x08012360                        . = ALIGN (0x4)
                0x08012360                        _etext = .

.vfp11_veneer   0x08012360        0x0
 .vfp11_veneer  0x08012360        0x0 linker stubs

.v4_bx          0x08012360        0x0
 .v4_bx         0x08012360        0x0 linker stubs

.iplt           0x08012360        0x0
 .iplt          0x08012360        0x0 D:/ST/STM32CubeIDE/plugins/com.st.stm32cube.ide.mcu.externaltools.gnu-tools-for-stm32.13.3.rel1.win32_1.0.0.202411081344/tools/bin/../lib/gcc/arm-none-eabi/13.3.1/thumb/v7e-m+dp/hard/crtbegin.o

.rodata         0x08012360    0x2ae08
                0x08012360                        . = ALIGN (0x4)
 *(.rodata)
 .rodata        0x08012360       0xfb ./Core/Src/main.o
 *fill*         0x0801245b        0x1 
 .rodata        0x0801245c       0x74 ./Drivers/BSP/wm8978.o
 .rodata        0x080124d0       0x48 ./Middlewares/Third_Party/FatFs/src/ff.o
 *(.rodata*)
 .rodata.D1CorePrescTable
                0x08012518       0x10 ./Core/Src/system_stm32h7xx.o
                0x08012518                D1CorePrescTable
 .rodata.flagBitshiftOffset.0
                0x08012528        0x8 ./Drivers/STM32H7xx_HAL_Driver/Src/stm32h7xx_hal_dma.o
 .rodata.UARTPrescTable
                0x08012530       0x18 ./Drivers/STM32H7xx_HAL_Driver/Src/stm32h7xx_hal_uart.o
                0x08012530                UARTPrescTable
 .rodata.numerator.1
                0x08012548        0x8 ./Drivers/STM32H7xx_HAL_Driver/Src/stm32h7xx_hal_uart_ex.o
 .rodata.denominator.0
                0x08012550        0x8 ./Drivers/STM32H7xx_HAL_Driver/Src/stm32h7xx_hal_uart_ex.o
 .rodata.SD_Driver
                0x08012558       0x14 ./FATFS/Target/sd_diskio.o
                0x08012558                SD_Driver
 .rodata.LfnOfs
                0x0801256c        0xd ./Middlewares/Third_Party/FatFs/src/ff.o
 *fill*         0x08012579        0x3 
 .rodata.uni2oem
                0x0801257c    0x15484 ./Middlewares/Third_Party/FatFs/src/option/cc936.o
 .rodata.oem2uni
                0x08027a00    0x15484 ./Middlewares/Third_Party/FatFs/src/option/cc936.o
 .rodata.cvt1.1
                0x0803ce84      0x1f2 ./Middlewares/Third_Party/FatFs/src/option/cc936.o
 *fill*         0x0803d076        0x2 
 .rodata.cvt2.0
                0x0803d078       0xbc ./Middlewares/Third_Party/FatFs/src/option/cc936.o
 .rodata._vfprintf_r.str1.1
                0x0803d134       0x33 D:/ST/STM32CubeIDE/plugins/com.st.stm32cube.ide.mcu.externaltools.gnu-tools-for-stm32.13.3.rel1.win32_1.0.0.202411081344/tools/bin/../lib/gcc/arm-none-eabi/13.3.1/../../../../arm-none-eabi/lib/thumb/v7e-m+dp/hard\libc_nano.a(libc_a-nano-vfprintf.o)
                                 0x11 (size before relaxing)
 .rodata._printf_i.str1.1
                0x0803d167       0x22 D:/ST/STM32CubeIDE/plugins/com.st.stm32cube.ide.mcu.externaltools.gnu-tools-for-stm32.13.3.rel1.win32_1.0.0.202411081344/tools/bin/../lib/gcc/arm-none-eabi/13.3.1/../../../../arm-none-eabi/lib/thumb/v7e-m+dp/hard\libc_nano.a(libc_a-nano-vfprintf_i.o)
                0x0803d18c                        . = ALIGN (0x4)
 *fill*         0x0803d167        0x1 

.ARM.extab
 *(.ARM.extab* .gnu.linkonce.armextab.*)

.ARM            0x0803d168        0x8
                0x0803d168                        __exidx_start = .
 *(.ARM.exidx*)
 .ARM.exidx     0x0803d168        0x8 D:/ST/STM32CubeIDE/plugins/com.st.stm32cube.ide.mcu.externaltools.gnu-tools-for-stm32.13.3.rel1.win32_1.0.0.202411081344/tools/bin/../lib/gcc/arm-none-eabi/13.3.1/../../../../arm-none-eabi/lib/thumb/v7e-m+dp/hard\libc_nano.a(libc_a-memchr.o)
 .ARM.exidx     0x0803d170        0x0 D:/ST/STM32CubeIDE/plugins/com.st.stm32cube.ide.mcu.externaltools.gnu-tools-for-stm32.13.3.rel1.win32_1.0.0.202411081344/tools/bin/../lib/gcc/arm-none-eabi/13.3.1/thumb/v7e-m+dp/hard\libgcc.a(_udivmoddi4.o)
                                  0x8 (size before relaxing)
                0x0803d170                        __exidx_end = .

.preinit_array  0x0803d170        0x0
                0x0803d170                        PROVIDE (__preinit_array_start = .)
 *(.preinit_array*)
                0x0803d170                        PROVIDE (__preinit_array_end = .)

.init_array     0x0803d170        0x4
                0x0803d170                        PROVIDE (__init_array_start = .)
 *(SORT_BY_NAME(.init_array.*))
 *(.init_array*)
 .init_array    0x0803d170        0x4 D:/ST/STM32CubeIDE/plugins/com.st.stm32cube.ide.mcu.externaltools.gnu-tools-for-stm32.13.3.rel1.win32_1.0.0.202411081344/tools/bin/../lib/gcc/arm-none-eabi/13.3.1/thumb/v7e-m+dp/hard/crtbegin.o
                0x0803d174                        PROVIDE (__init_array_end = .)

.fini_array     0x0803d174        0x4
                [!provide]                        PROVIDE (__fini_array_start = .)
 *(SORT_BY_NAME(.fini_array.*))
 *(.fini_array*)
 .fini_array    0x0803d174        0x4 D:/ST/STM32CubeIDE/plugins/com.st.stm32cube.ide.mcu.externaltools.gnu-tools-for-stm32.13.3.rel1.win32_1.0.0.202411081344/tools/bin/../lib/gcc/arm-none-eabi/13.3.1/thumb/v7e-m+dp/hard/crtbegin.o
                [!provide]                        PROVIDE (__fini_array_end = .)
                0x0803d178                        _sidata = LOADADDR (.data)

.rel.dyn        0x0803d178        0x0
 .rel.iplt      0x0803d178        0x0 D:/ST/STM32CubeIDE/plugins/com.st.stm32cube.ide.mcu.externaltools.gnu-tools-for-stm32.13.3.rel1.win32_1.0.0.202411081344/tools/bin/../lib/gcc/arm-none-eabi/13.3.1/thumb/v7e-m+dp/hard/crtbegin.o

.data           0x24000000       0xe0 load address 0x0803d178
                0x24000000                        . = ALIGN (0x4)
                0x24000000                        _sdata = .
 *(.data)
 *(.data*)
 .data.SystemCoreClock
                0x24000000        0x4 ./Core/Src/system_stm32h7xx.o
                0x24000000                SystemCoreClock
 .data.SystemD2Clock
                0x24000004        0x4 ./Core/Src/system_stm32h7xx.o
                0x24000004                SystemD2Clock
 .data.wm8978_RegCash
                0x24000008       0x74 ./Drivers/BSP/wm8978.o
 .data.uwTickPrio
                0x2400007c        0x4 ./Drivers/STM32H7xx_HAL_Driver/Src/stm32h7xx_hal.o
                0x2400007c                uwTickPrio
 .data.uwTickFreq
                0x24000080        0x1 ./Drivers/STM32H7xx_HAL_Driver/Src/stm32h7xx_hal.o
                0x24000080                uwTickFreq
 .data.Stat     0x24000081        0x1 ./FATFS/Target/sd_diskio.o
 *fill*         0x24000082        0x2 
 .data.__sglue  0x24000084        0xc D:/ST/STM32CubeIDE/plugins/com.st.stm32cube.ide.mcu.externaltools.gnu-tools-for-stm32.13.3.rel1.win32_1.0.0.202411081344/tools/bin/../lib/gcc/arm-none-eabi/13.3.1/../../../../arm-none-eabi/lib/thumb/v7e-m+dp/hard\libc_nano.a(libc_a-findfp.o)
                0x24000084                __sglue
 .data._impure_ptr
                0x24000090        0x4 D:/ST/STM32CubeIDE/plugins/com.st.stm32cube.ide.mcu.externaltools.gnu-tools-for-stm32.13.3.rel1.win32_1.0.0.202411081344/tools/bin/../lib/gcc/arm-none-eabi/13.3.1/../../../../arm-none-eabi/lib/thumb/v7e-m+dp/hard\libc_nano.a(libc_a-impure.o)
                0x24000090                _impure_ptr
 .data._impure_data
                0x24000094       0x4c D:/ST/STM32CubeIDE/plugins/com.st.stm32cube.ide.mcu.externaltools.gnu-tools-for-stm32.13.3.rel1.win32_1.0.0.202411081344/tools/bin/../lib/gcc/arm-none-eabi/13.3.1/../../../../arm-none-eabi/lib/thumb/v7e-m+dp/hard\libc_nano.a(libc_a-impure.o)
                0x24000094                _impure_data
 *(.RamFunc)
 *(.RamFunc*)
                0x240000e0                        . = ALIGN (0x4)
                0x240000e0                        _edata = .

.igot.plt       0x240000e0        0x0 load address 0x0803d258
 .igot.plt      0x240000e0        0x0 D:/ST/STM32CubeIDE/plugins/com.st.stm32cube.ide.mcu.externaltools.gnu-tools-for-stm32.13.3.rel1.win32_1.0.0.202411081344/tools/bin/../lib/gcc/arm-none-eabi/13.3.1/thumb/v7e-m+dp/hard/crtbegin.o
                0x240000e0                        . = ALIGN (0x4)

.bss            0x240000e0     0x4c10 load address 0x0803d258
                0x240000e0                        _sbss = .
                0x240000e0                        __bss_start__ = _sbss
 *(.bss)
 .bss           0x240000e0       0x1c D:/ST/STM32CubeIDE/plugins/com.st.stm32cube.ide.mcu.externaltools.gnu-tools-for-stm32.13.3.rel1.win32_1.0.0.202411081344/tools/bin/../lib/gcc/arm-none-eabi/13.3.1/thumb/v7e-m+dp/hard/crtbegin.o
 *(.bss*)
 .bss.gHuart    0x240000fc        0x4 ./Core/Src/debug.o
                0x240000fc                gHuart
 .bss.hi2c1     0x24000100       0x54 ./Core/Src/i2c.o
                0x24000100                hi2c1
 .bss.res       0x24000154        0x1 ./Core/Src/main.o
                0x24000154                res
 *fill*         0x24000155        0x3 
 .bss.fs        0x24000158      0x234 ./Core/Src/main.o
                0x24000158                fs
 .bss.dir       0x2400038c       0x34 ./Core/Src/main.o
                0x2400038c                dir
 .bss.fno       0x240003c0      0x118 ./Core/Src/main.o
                0x240003c0                fno
 .bss.file      0x240004d8      0x230 ./Core/Src/main.o
                0x240004d8                file
 .bss.br        0x24000708        0x4 ./Core/Src/main.o
                0x24000708                br
 .bss.PlayBuff_0
                0x2400070c     0x2000 ./Core/Src/main.o
                0x2400070c                PlayBuff_0
 .bss.PlayBuff_1
                0x2400270c     0x2000 ./Core/Src/main.o
                0x2400270c                PlayBuff_1
 .bss.BuffHead  0x2400470c       0x2c ./Core/Src/main.o
                0x2400470c                BuffHead
 .bss.SAI_Sate  0x24004738        0x1 ./Core/Src/main.o
                0x24004738                SAI_Sate
 *fill*         0x24004739        0x3 
 .bss.hsai_BlockA1
                0x2400473c       0x98 ./Core/Src/sai.o
                0x2400473c                hsai_BlockA1
 .bss.hdma_sai1_a
                0x240047d4       0x78 ./Core/Src/sai.o
                0x240047d4                hdma_sai1_a
 .bss.SAI1_client
                0x2400484c        0x4 ./Core/Src/sai.o
 .bss.hsd1      0x24004850       0x7c ./Core/Src/sdmmc.o
                0x24004850                hsd1
 .bss.__sbrk_heap_end
                0x240048cc        0x4 ./Core/Src/sysmem.o
 .bss.huart1    0x240048d0       0x94 ./Core/Src/usart.o
                0x240048d0                huart1
 .bss.uwTick    0x24004964        0x4 ./Drivers/STM32H7xx_HAL_Driver/Src/stm32h7xx_hal.o
                0x24004964                uwTick
 .bss.retSD     0x24004968        0x1 ./FATFS/App/fatfs.o
                0x24004968                retSD
 *fill*         0x24004969        0x3 
 .bss.SDPath    0x2400496c        0x4 ./FATFS/App/fatfs.o
                0x2400496c                SDPath
 .bss.FatFs     0x24004970        0x4 ./Middlewares/Third_Party/FatFs/src/ff.o
 .bss.Fsid      0x24004974        0x2 ./Middlewares/Third_Party/FatFs/src/ff.o
 *fill*         0x24004976        0x2 
 .bss.Files     0x24004978       0x20 ./Middlewares/Third_Party/FatFs/src/ff.o
 .bss.LfnBuf    0x24004998      0x200 ./Middlewares/Third_Party/FatFs/src/ff.o
 .bss.disk      0x24004b98        0xc ./Middlewares/Third_Party/FatFs/src/ff_gen_drv.o
                0x24004b98                disk
 .bss.__sf      0x24004ba4      0x138 D:/ST/STM32CubeIDE/plugins/com.st.stm32cube.ide.mcu.externaltools.gnu-tools-for-stm32.13.3.rel1.win32_1.0.0.202411081344/tools/bin/../lib/gcc/arm-none-eabi/13.3.1/../../../../arm-none-eabi/lib/thumb/v7e-m+dp/hard\libc_nano.a(libc_a-findfp.o)
                0x24004ba4                __sf
 .bss.__stdio_exit_handler
                0x24004cdc        0x4 D:/ST/STM32CubeIDE/plugins/com.st.stm32cube.ide.mcu.externaltools.gnu-tools-for-stm32.13.3.rel1.win32_1.0.0.202411081344/tools/bin/../lib/gcc/arm-none-eabi/13.3.1/../../../../arm-none-eabi/lib/thumb/v7e-m+dp/hard\libc_nano.a(libc_a-findfp.o)
                0x24004cdc                __stdio_exit_handler
 .bss.errno     0x24004ce0        0x4 D:/ST/STM32CubeIDE/plugins/com.st.stm32cube.ide.mcu.externaltools.gnu-tools-for-stm32.13.3.rel1.win32_1.0.0.202411081344/tools/bin/../lib/gcc/arm-none-eabi/13.3.1/../../../../arm-none-eabi/lib/thumb/v7e-m+dp/hard\libc_nano.a(libc_a-reent.o)
                0x24004ce0                errno
 .bss.__lock___malloc_recursive_mutex
                0x24004ce4        0x1 D:/ST/STM32CubeIDE/plugins/com.st.stm32cube.ide.mcu.externaltools.gnu-tools-for-stm32.13.3.rel1.win32_1.0.0.202411081344/tools/bin/../lib/gcc/arm-none-eabi/13.3.1/../../../../arm-none-eabi/lib/thumb/v7e-m+dp/hard\libc_nano.a(libc_a-lock.o)
                0x24004ce4                __lock___malloc_recursive_mutex
 .bss.__lock___sfp_recursive_mutex
                0x24004ce5        0x1 D:/ST/STM32CubeIDE/plugins/com.st.stm32cube.ide.mcu.externaltools.gnu-tools-for-stm32.13.3.rel1.win32_1.0.0.202411081344/tools/bin/../lib/gcc/arm-none-eabi/13.3.1/../../../../arm-none-eabi/lib/thumb/v7e-m+dp/hard\libc_nano.a(libc_a-lock.o)
                0x24004ce5                __lock___sfp_recursive_mutex
 *fill*         0x24004ce6        0x2 
 .bss.__malloc_sbrk_start
                0x24004ce8        0x4 D:/ST/STM32CubeIDE/plugins/com.st.stm32cube.ide.mcu.externaltools.gnu-tools-for-stm32.13.3.rel1.win32_1.0.0.202411081344/tools/bin/../lib/gcc/arm-none-eabi/13.3.1/../../../../arm-none-eabi/lib/thumb/v7e-m+dp/hard\libc_nano.a(libc_a-mallocr.o)
                0x24004ce8                __malloc_sbrk_start
 .bss.__malloc_free_list
                0x24004cec        0x4 D:/ST/STM32CubeIDE/plugins/com.st.stm32cube.ide.mcu.externaltools.gnu-tools-for-stm32.13.3.rel1.win32_1.0.0.202411081344/tools/bin/../lib/gcc/arm-none-eabi/13.3.1/../../../../arm-none-eabi/lib/thumb/v7e-m+dp/hard\libc_nano.a(libc_a-mallocr.o)
                0x24004cec                __malloc_free_list
 *(COMMON)
                0x24004cf0                        . = ALIGN (0x4)
                0x24004cf0                        _ebss = .
                0x24004cf0                        __bss_end__ = _ebss

._user_heap_stack
                0x24004cf0     0x6000 load address 0x0803d258
                0x24004cf0                        . = ALIGN (0x8)
                [!provide]                        PROVIDE (end = .)
                0x24004cf0                        PROVIDE (_end = .)
                0x24006cf0                        . = (. + _Min_Heap_Size)
 *fill*         0x24004cf0     0x2000 
                0x2400acf0                        . = (. + _Min_Stack_Size)
 *fill*         0x24006cf0     0x4000 
                0x2400acf0                        . = ALIGN (0x8)

/DISCARD/
 libc.a(*)
 libm.a(*)
 libgcc.a(*)

.ARM.attributes
                0x00000000       0x2e
 *(.ARM.attributes)
 .ARM.attributes
                0x00000000       0x20 D:/ST/STM32CubeIDE/plugins/com.st.stm32cube.ide.mcu.externaltools.gnu-tools-for-stm32.13.3.rel1.win32_1.0.0.202411081344/tools/bin/../lib/gcc/arm-none-eabi/13.3.1/thumb/v7e-m+dp/hard/crti.o
 .ARM.attributes
                0x00000020       0x32 D:/ST/STM32CubeIDE/plugins/com.st.stm32cube.ide.mcu.externaltools.gnu-tools-for-stm32.13.3.rel1.win32_1.0.0.202411081344/tools/bin/../lib/gcc/arm-none-eabi/13.3.1/thumb/v7e-m+dp/hard/crtbegin.o
 .ARM.attributes
                0x00000052       0x32 ./Core/Src/debug.o
 .ARM.attributes
                0x00000084       0x32 ./Core/Src/dma.o
 .ARM.attributes
                0x000000b6       0x32 ./Core/Src/gpio.o
 .ARM.attributes
                0x000000e8       0x32 ./Core/Src/i2c.o
 .ARM.attributes
                0x0000011a       0x32 ./Core/Src/main.o
 .ARM.attributes
                0x0000014c       0x32 ./Core/Src/sai.o
 .ARM.attributes
                0x0000017e       0x32 ./Core/Src/sdmmc.o
 .ARM.attributes
                0x000001b0       0x32 ./Core/Src/stm32h7xx_hal_msp.o
 .ARM.attributes
                0x000001e2       0x32 ./Core/Src/stm32h7xx_it.o
 .ARM.attributes
                0x00000214       0x32 ./Core/Src/sysmem.o
 .ARM.attributes
                0x00000246       0x32 ./Core/Src/system_stm32h7xx.o
 .ARM.attributes
                0x00000278       0x32 ./Core/Src/usart.o
 .ARM.attributes
                0x000002aa       0x21 ./Core/Startup/startup_stm32h743xihx.o
 .ARM.attributes
                0x000002cb       0x32 ./Drivers/BSP/wm8978.o
 .ARM.attributes
                0x000002fd       0x32 ./Drivers/STM32H7xx_HAL_Driver/Src/stm32h7xx_hal.o
 .ARM.attributes
                0x0000032f       0x32 ./Drivers/STM32H7xx_HAL_Driver/Src/stm32h7xx_hal_cortex.o
 .ARM.attributes
                0x00000361       0x32 ./Drivers/STM32H7xx_HAL_Driver/Src/stm32h7xx_hal_dma.o
 .ARM.attributes
                0x00000393       0x32 ./Drivers/STM32H7xx_HAL_Driver/Src/stm32h7xx_hal_gpio.o
 .ARM.attributes
                0x000003c5       0x32 ./Drivers/STM32H7xx_HAL_Driver/Src/stm32h7xx_hal_i2c.o
 .ARM.attributes
                0x000003f7       0x32 ./Drivers/STM32H7xx_HAL_Driver/Src/stm32h7xx_hal_i2c_ex.o
 .ARM.attributes
                0x00000429       0x32 ./Drivers/STM32H7xx_HAL_Driver/Src/stm32h7xx_hal_pwr_ex.o
 .ARM.attributes
                0x0000045b       0x32 ./Drivers/STM32H7xx_HAL_Driver/Src/stm32h7xx_hal_rcc.o
 .ARM.attributes
                0x0000048d       0x32 ./Drivers/STM32H7xx_HAL_Driver/Src/stm32h7xx_hal_rcc_ex.o
 .ARM.attributes
                0x000004bf       0x32 ./Drivers/STM32H7xx_HAL_Driver/Src/stm32h7xx_hal_sai.o
 .ARM.attributes
                0x000004f1       0x32 ./Drivers/STM32H7xx_HAL_Driver/Src/stm32h7xx_hal_sd.o
 .ARM.attributes
                0x00000523       0x32 ./Drivers/STM32H7xx_HAL_Driver/Src/stm32h7xx_hal_uart.o
 .ARM.attributes
                0x00000555       0x32 ./Drivers/STM32H7xx_HAL_Driver/Src/stm32h7xx_hal_uart_ex.o
 .ARM.attributes
                0x00000587       0x32 ./Drivers/STM32H7xx_HAL_Driver/Src/stm32h7xx_ll_sdmmc.o
 .ARM.attributes
                0x000005b9       0x32 ./FATFS/App/fatfs.o
 .ARM.attributes
                0x000005eb       0x32 ./FATFS/Target/bsp_driver_sd.o
 .ARM.attributes
                0x0000061d       0x32 ./FATFS/Target/fatfs_platform.o
 .ARM.attributes
                0x0000064f       0x32 ./FATFS/Target/sd_diskio.o
 .ARM.attributes
                0x00000681       0x32 ./Middlewares/Third_Party/FatFs/src/diskio.o
 .ARM.attributes
                0x000006b3       0x32 ./Middlewares/Third_Party/FatFs/src/ff.o
 .ARM.attributes
                0x000006e5       0x32 ./Middlewares/Third_Party/FatFs/src/ff_gen_drv.o
 .ARM.attributes
                0x00000717       0x32 ./Middlewares/Third_Party/FatFs/src/option/cc936.o
 .ARM.attributes
                0x00000749       0x32 D:/ST/STM32CubeIDE/plugins/com.st.stm32cube.ide.mcu.externaltools.gnu-tools-for-stm32.13.3.rel1.win32_1.0.0.202411081344/tools/bin/../lib/gcc/arm-none-eabi/13.3.1/../../../../arm-none-eabi/lib/thumb/v7e-m+dp/hard\libc_nano.a(libc_a-findfp.o)
 .ARM.attributes
                0x0000077b       0x32 D:/ST/STM32CubeIDE/plugins/com.st.stm32cube.ide.mcu.externaltools.gnu-tools-for-stm32.13.3.rel1.win32_1.0.0.202411081344/tools/bin/../lib/gcc/arm-none-eabi/13.3.1/../../../../arm-none-eabi/lib/thumb/v7e-m+dp/hard\libc_nano.a(libc_a-fwalk.o)
 .ARM.attributes
                0x000007ad       0x32 D:/ST/STM32CubeIDE/plugins/com.st.stm32cube.ide.mcu.externaltools.gnu-tools-for-stm32.13.3.rel1.win32_1.0.0.202411081344/tools/bin/../lib/gcc/arm-none-eabi/13.3.1/../../../../arm-none-eabi/lib/thumb/v7e-m+dp/hard\libc_nano.a(libc_a-printf.o)
 .ARM.attributes
                0x000007df       0x32 D:/ST/STM32CubeIDE/plugins/com.st.stm32cube.ide.mcu.externaltools.gnu-tools-for-stm32.13.3.rel1.win32_1.0.0.202411081344/tools/bin/../lib/gcc/arm-none-eabi/13.3.1/../../../../arm-none-eabi/lib/thumb/v7e-m+dp/hard\libc_nano.a(libc_a-puts.o)
 .ARM.attributes
                0x00000811       0x32 D:/ST/STM32CubeIDE/plugins/com.st.stm32cube.ide.mcu.externaltools.gnu-tools-for-stm32.13.3.rel1.win32_1.0.0.202411081344/tools/bin/../lib/gcc/arm-none-eabi/13.3.1/../../../../arm-none-eabi/lib/thumb/v7e-m+dp/hard\libc_nano.a(libc_a-setvbuf.o)
 .ARM.attributes
                0x00000843       0x32 D:/ST/STM32CubeIDE/plugins/com.st.stm32cube.ide.mcu.externaltools.gnu-tools-for-stm32.13.3.rel1.win32_1.0.0.202411081344/tools/bin/../lib/gcc/arm-none-eabi/13.3.1/../../../../arm-none-eabi/lib/thumb/v7e-m+dp/hard\libc_nano.a(libc_a-stdio.o)
 .ARM.attributes
                0x00000875       0x32 D:/ST/STM32CubeIDE/plugins/com.st.stm32cube.ide.mcu.externaltools.gnu-tools-for-stm32.13.3.rel1.win32_1.0.0.202411081344/tools/bin/../lib/gcc/arm-none-eabi/13.3.1/../../../../arm-none-eabi/lib/thumb/v7e-m+dp/hard\libc_nano.a(libc_a-wbuf.o)
 .ARM.attributes
                0x000008a7       0x32 D:/ST/STM32CubeIDE/plugins/com.st.stm32cube.ide.mcu.externaltools.gnu-tools-for-stm32.13.3.rel1.win32_1.0.0.202411081344/tools/bin/../lib/gcc/arm-none-eabi/13.3.1/../../../../arm-none-eabi/lib/thumb/v7e-m+dp/hard\libc_nano.a(libc_a-wsetup.o)
 .ARM.attributes
                0x000008d9       0x32 D:/ST/STM32CubeIDE/plugins/com.st.stm32cube.ide.mcu.externaltools.gnu-tools-for-stm32.13.3.rel1.win32_1.0.0.202411081344/tools/bin/../lib/gcc/arm-none-eabi/13.3.1/../../../../arm-none-eabi/lib/thumb/v7e-m+dp/hard\libc_nano.a(libc_a-memset.o)
 .ARM.attributes
                0x0000090b       0x32 D:/ST/STM32CubeIDE/plugins/com.st.stm32cube.ide.mcu.externaltools.gnu-tools-for-stm32.13.3.rel1.win32_1.0.0.202411081344/tools/bin/../lib/gcc/arm-none-eabi/13.3.1/../../../../arm-none-eabi/lib/thumb/v7e-m+dp/hard\libc_nano.a(libc_a-closer.o)
 .ARM.attributes
                0x0000093d       0x32 D:/ST/STM32CubeIDE/plugins/com.st.stm32cube.ide.mcu.externaltools.gnu-tools-for-stm32.13.3.rel1.win32_1.0.0.202411081344/tools/bin/../lib/gcc/arm-none-eabi/13.3.1/../../../../arm-none-eabi/lib/thumb/v7e-m+dp/hard\libc_nano.a(libc_a-reent.o)
 .ARM.attributes
                0x0000096f       0x32 D:/ST/STM32CubeIDE/plugins/com.st.stm32cube.ide.mcu.externaltools.gnu-tools-for-stm32.13.3.rel1.win32_1.0.0.202411081344/tools/bin/../lib/gcc/arm-none-eabi/13.3.1/../../../../arm-none-eabi/lib/thumb/v7e-m+dp/hard\libc_nano.a(libc_a-impure.o)
 .ARM.attributes
                0x000009a1       0x32 D:/ST/STM32CubeIDE/plugins/com.st.stm32cube.ide.mcu.externaltools.gnu-tools-for-stm32.13.3.rel1.win32_1.0.0.202411081344/tools/bin/../lib/gcc/arm-none-eabi/13.3.1/../../../../arm-none-eabi/lib/thumb/v7e-m+dp/hard\libc_nano.a(libc_a-lseekr.o)
 .ARM.attributes
                0x000009d3       0x32 D:/ST/STM32CubeIDE/plugins/com.st.stm32cube.ide.mcu.externaltools.gnu-tools-for-stm32.13.3.rel1.win32_1.0.0.202411081344/tools/bin/../lib/gcc/arm-none-eabi/13.3.1/../../../../arm-none-eabi/lib/thumb/v7e-m+dp/hard\libc_nano.a(libc_a-readr.o)
 .ARM.attributes
                0x00000a05       0x32 D:/ST/STM32CubeIDE/plugins/com.st.stm32cube.ide.mcu.externaltools.gnu-tools-for-stm32.13.3.rel1.win32_1.0.0.202411081344/tools/bin/../lib/gcc/arm-none-eabi/13.3.1/../../../../arm-none-eabi/lib/thumb/v7e-m+dp/hard\libc_nano.a(libc_a-writer.o)
 .ARM.attributes
                0x00000a37       0x32 D:/ST/STM32CubeIDE/plugins/com.st.stm32cube.ide.mcu.externaltools.gnu-tools-for-stm32.13.3.rel1.win32_1.0.0.202411081344/tools/bin/../lib/gcc/arm-none-eabi/13.3.1/../../../../arm-none-eabi/lib/thumb/v7e-m+dp/hard\libc_nano.a(libc_a-errno.o)
 .ARM.attributes
                0x00000a69       0x32 D:/ST/STM32CubeIDE/plugins/com.st.stm32cube.ide.mcu.externaltools.gnu-tools-for-stm32.13.3.rel1.win32_1.0.0.202411081344/tools/bin/../lib/gcc/arm-none-eabi/13.3.1/../../../../arm-none-eabi/lib/thumb/v7e-m+dp/hard\libc_nano.a(libc_a-init.o)
 .ARM.attributes